
> frontend@0.1.0 test:e2e:chromium
> playwright test --project=chromium


Running 66 tests using 4 workers

  ✘   4 [chromium] › tests/e2e/dashboard.spec.ts:60:7 › Dashboard Page E2E Tests › email statistics display correctly (16.5s)
  ✘   2 [chromium] › tests/e2e/dashboard.spec.ts:73:7 › Dashboard Page E2E Tests › recent activity feed displays items (16.5s)
  ✘   1 [chromium] › tests/e2e/dashboard.spec.ts:34:7 › Dashboard Page E2E Tests › dashboard page loads and displays all data (16.4s)
  ✘   3 [chromium] › tests/e2e/dashboard.spec.ts:45:7 › Dashboard Page E2E Tests › connection status cards display correctly (16.4s)
  ✘   8 [chromium] › tests/e2e/dashboard.spec.ts:97:7 › Dashboard Page E2E Tests › dashboard auto-refreshes data (SWR polling) (16.2s)
  ✘   6 [chromium] › tests/e2e/dashboard.spec.ts:132:7 › Dashboard Page E2E Tests › dashboard handles API errors gracefully (16.2s)
  ✘   7 [chromium] › tests/e2e/dashboard.spec.ts:87:7 › Dashboard Page E2E Tests › time saved widget displays correctly (16.2s)
  ✘   5 [chromium] › tests/e2e/dashboard.spec.ts:114:7 › Dashboard Page E2E Tests › dashboard displays loading states initially (16.3s)
  ✓  10 [chromium] › tests/e2e/dashboard.spec.ts:156:7 › Dashboard Page E2E Tests › navigation to folder settings works (3.2s)
  ✓   9 [chromium] › tests/e2e/dashboard.spec.ts:169:7 › Dashboard Page E2E Tests › navigation to notification settings works (3.2s)
  ✓  12 [chromium] › tests/e2e/dashboard.spec.ts:200:7 › Dashboard Page E2E Tests › dashboard displays correct last sync time (3.2s)
  ✓  14 [chromium] › tests/e2e/dashboard.spec.ts:213:7 › Dashboard Page E2E Tests › dashboard email stats are clickable/interactive (1.9s)
  ✘  11 [chromium] › tests/e2e/dashboard.spec.ts:182:7 › Dashboard Page E2E Tests › dashboard responsive on mobile viewport (13.4s)
  ✘  17 [chromium] › tests/e2e/errors.spec.ts:93:7 › Error Scenario E2E Tests › network offline shows offline banner (1.1s)
  ✘  15 [chromium] › tests/e2e/errors.spec.ts:33:7 › Error Scenario E2E Tests › API failure shows error message and retry button (12.1s)
  ✘  13 [chromium] › tests/e2e/dashboard.spec.ts:231:7 › Dashboard Page E2E Tests › dashboard shows empty state when no emails processed (12.1s)
  ✘  18 [chromium] › tests/e2e/errors.spec.ts:111:7 › Error Scenario E2E Tests › network recovery restores functionality (645ms)
  ✘  16 [chromium] › tests/e2e/errors.spec.ts:58:7 › Error Scenario E2E Tests › retry button recovers from API failure (11.6s)
  ✘  20 [chromium] › tests/e2e/errors.spec.ts:154:7 › Error Scenario E2E Tests › 404 error shows appropriate message (11.2s)
  ✘  21 [chromium] › tests/e2e/errors.spec.ts:168:7 › Error Scenario E2E Tests › unauthorized access redirects to login (10.9s)
  ✓  23 [chromium] › tests/e2e/errors.spec.ts:220:7 › Error Scenario E2E Tests › invalid email format shows validation error (636ms)
  ✘  24 [chromium] › tests/e2e/errors.spec.ts:238:7 › Error Scenario E2E Tests › session expiration redirects to login with message (11.7s)
  ✘  25 [chromium] › tests/e2e/errors.spec.ts:264:7 › Error Scenario E2E Tests › rate limiting shows appropriate error message (11.7s)
  ✘  22 [chromium] › tests/e2e/errors.spec.ts:181:7 › Error Scenario E2E Tests › folder creation with duplicate name shows error (34.0s)
  ✘  26 [chromium] › tests/e2e/errors.spec.ts:290:7 › Error Scenario E2E Tests › malformed API response shows generic error (11.1s)
  ✘  29 [chromium] › tests/e2e/errors.spec.ts:354:7 › Error Scenario E2E Tests › loading spinner shows during async operations (1.4s)
  ✘  28 [chromium] › tests/e2e/errors.spec.ts:327:7 › Error Scenario E2E Tests › error messages are user-friendly and actionable (11.3s)
  ✘  31 [chromium] › tests/e2e/folders.spec.ts:34:7 › Folder Management E2E Tests › folders page loads and displays folder list (1.1s)
  ✘  30 [chromium] › tests/e2e/errors.spec.ts:376:7 › Error Scenario E2E Tests › concurrent API failures dont break UI (12.6s)
  ✘  27 [chromium] › tests/e2e/errors.spec.ts:310:7 › Error Scenario E2E Tests › empty required field shows validation error (31.7s)
  ✘  32 [chromium] › tests/e2e/folders.spec.ts:44:7 › Folder Management E2E Tests › create new folder successfully (11.2s)
  ✓  35 [chromium] › tests/e2e/folders.spec.ts:91:7 › Folder Management E2E Tests › folder deletion shows confirmation dialog (988ms)
  ✘  33 [chromium] › tests/e2e/folders.spec.ts:59:7 › Folder Management E2E Tests › edit existing folder successfully (11.2s)
  ✘  19 [chromium] › tests/e2e/errors.spec.ts:136:7 › Error Scenario E2E Tests › API timeout shows timeout error message (1.1m)
  ✘  38 [chromium] › tests/e2e/folders.spec.ts:153:7 › Folder Management E2E Tests › folder keywords are displayed (1.0s)
  ✘  34 [chromium] › tests/e2e/folders.spec.ts:75:7 › Folder Management E2E Tests › delete folder with confirmation (11.2s)
  ✓  40 [chromium] › tests/e2e/folders.spec.ts:171:7 › Folder Management E2E Tests › folder edit dialog prefills existing data (1.2s)
  ✘  37 [chromium] › tests/e2e/folders.spec.ts:141:7 › Folder Management E2E Tests › folder list shows color indicators (11.2s)
  ✘  42 [chromium] › tests/e2e/notifications.spec.ts:35:7 › Notification Preferences E2E Tests › notification preferences page loads correctly (1.1s)
  ✓  43 [chromium] › tests/e2e/notifications.spec.ts:49:7 › Notification Preferences E2E Tests › toggle batch notifications on and off (1.1s)
  ✘  39 [chromium] › tests/e2e/folders.spec.ts:161:7 › Folder Management E2E Tests › folders persist after page refresh (11.4s)
  ✘  41 [chromium] › tests/e2e/folders.spec.ts:196:7 › Folder Management E2E Tests › folder order can be changed (11.2s)
  ✘  45 [chromium] › tests/e2e/notifications.spec.ts:78:7 › Notification Preferences E2E Tests › toggle quiet hours on and off (1.1s)
  ✘  46 [chromium] › tests/e2e/notifications.spec.ts:92:7 › Notification Preferences E2E Tests › set quiet hours time range (1.2s)
  ✘  44 [chromium] › tests/e2e/notifications.spec.ts:63:7 › Notification Preferences E2E Tests › set batch time when batch notifications enabled (11.1s)
  ✘  36 [chromium] › tests/e2e/folders.spec.ts:116:7 › Folder Management E2E Tests › folder form validation works (31.5s)
  ✘  49 [chromium] › tests/e2e/notifications.spec.ts:138:7 › Notification Preferences E2E Tests › save notification preferences successfully (11.3s)
  ✘  50 [chromium] › tests/e2e/notifications.spec.ts:157:7 › Notification Preferences E2E Tests › notification preferences persist after page refresh (11.2s)
  ✘  52 [chromium] › tests/e2e/notifications.spec.ts:198:7 › Notification Preferences E2E Tests › quiet hours time fields disabled when quiet hours off (1.1s)
  ✘  53 [chromium] › tests/e2e/notifications.spec.ts:217:7 › Notification Preferences E2E Tests › notification preferences show helpful descriptions (1.1s)
  ✘  47 [chromium] › tests/e2e/notifications.spec.ts:112:7 › Notification Preferences E2E Tests › toggle priority immediate notifications (31.8s)
  ✘  48 [chromium] › tests/e2e/notifications.spec.ts:126:7 › Notification Preferences E2E Tests › test notification button sends notification (31.9s)
  ✘  55 [chromium] › tests/e2e/onboarding.spec.ts:45:7 › Onboarding Flow E2E Tests › complete onboarding flow - full 4-step wizard (1.0s)
  ✘  56 [chromium] › tests/e2e/onboarding.spec.ts:96:7 › Onboarding Flow E2E Tests › onboarding page loads correctly (691ms)
  ✘  57 [chromium] › tests/e2e/onboarding.spec.ts:109:7 › Onboarding Flow E2E Tests › Gmail OAuth step completes successfully (10.9s)
  ✘  58 [chromium] › tests/e2e/onboarding.spec.ts:125:7 › Onboarding Flow E2E Tests › Telegram linking step completes successfully (10.8s)
  ✓  51 [chromium] › tests/e2e/notifications.spec.ts:184:7 › Notification Preferences E2E Tests › batch time field disabled when batch notifications off (31.7s)
  ✘  59 [chromium] › tests/e2e/onboarding.spec.ts:144:7 › Onboarding Flow E2E Tests › folder creation step works correctly (10.8s)
  ✘  60 [chromium] › tests/e2e/onboarding.spec.ts:164:7 › Onboarding Flow E2E Tests › notification preferences step works correctly (10.9s)
  ✘  54 [chromium] › tests/e2e/notifications.spec.ts:234:7 › Notification Preferences E2E Tests › notification preferences validate time format (31.9s)
  ✘  61 [chromium] › tests/e2e/onboarding.spec.ts:190:7 › Onboarding Flow E2E Tests › onboarding can be resumed from any step (10.8s)
  ✘  62 [chromium] › tests/e2e/onboarding.spec.ts:213:7 › Onboarding Flow E2E Tests › onboarding validates required fields (10.8s)
  ✘  66 [chromium] › tests/e2e/onboarding.spec.ts:290:7 › Onboarding Flow E2E Tests › onboarding displays helpful instructions at each step (520ms)
  ✘  63 [chromium] › tests/e2e/onboarding.spec.ts:236:7 › Onboarding Flow E2E Tests › onboarding completion time is under 10 minutes (performance) (10.8s)
  ✘  64 [chromium] › tests/e2e/onboarding.spec.ts:254:7 › Onboarding Flow E2E Tests › onboarding wizard displays progress indicators (10.8s)
  ✘  65 [chromium] › tests/e2e/onboarding.spec.ts:269:7 › Onboarding Flow E2E Tests › onboarding wizard allows going back to previous steps (10.8s)


  1) [chromium] › tests/e2e/dashboard.spec.ts:34:7 › Dashboard Page E2E Tests › dashboard page loads and displays all data 

    Error: [2mexpect([22m[31mlocator[39m[2m).[22mtoBeVisible[2m([22m[2m)[22m failed

    Locator: getByText(/gmail/i).first()
    Expected: visible
    Timeout: 10000ms
    Error: element(s) not found

    Call log:
    [2m  - Expect "toBeVisible" with timeout 10000ms[22m
    [2m  - waiting for getByText(/gmail/i).first()[22m


       at pages/DashboardPage.ts:36

      34 |     // Gmail connection status
      35 |     const gmailCard = this.page.getByText(/gmail/i).first();
    > 36 |     await expect(gmailCard).toBeVisible();
         |                             ^
      37 |
      38 |     // Telegram connection status
      39 |     const telegramCard = this.page.getByText(/telegram/i).first();
        at DashboardPage.verifyConnectionStatusCards (/Users/hdv_1987/Desktop/Прроекты/Mail Agent/frontend/tests/e2e/pages/DashboardPage.ts:36:29)
        at DashboardPage.verifyDashboardLoaded (/Users/hdv_1987/Desktop/Прроекты/Mail Agent/frontend/tests/e2e/pages/DashboardPage.ts:130:16)
        at /Users/hdv_1987/Desktop/Прроекты/Mail Agent/frontend/tests/e2e/dashboard.spec.ts:39:25

    attachment #1: screenshot (image/png) ──────────────────────────────────────────────────────────
    test-results/dashboard-Dashboard-Page-E-5c627-loads-and-displays-all-data-chromium/test-failed-1.png
    ────────────────────────────────────────────────────────────────────────────────────────────────

    attachment #2: video (video/webm) ──────────────────────────────────────────────────────────────
    test-results/dashboard-Dashboard-Page-E-5c627-loads-and-displays-all-data-chromium/video.webm
    ────────────────────────────────────────────────────────────────────────────────────────────────

    Error Context: test-results/dashboard-Dashboard-Page-E-5c627-loads-and-displays-all-data-chromium/error-context.md

  2) [chromium] › tests/e2e/dashboard.spec.ts:45:7 › Dashboard Page E2E Tests › connection status cards display correctly 

    Error: [2mexpect([22m[31mlocator[39m[2m).[22mtoBeVisible[2m([22m[2m)[22m failed

    Locator: getByText(/gmail/i).first()
    Expected: visible
    Timeout: 10000ms
    Error: element(s) not found

    Call log:
    [2m  - Expect "toBeVisible" with timeout 10000ms[22m
    [2m  - waiting for getByText(/gmail/i).first()[22m


       at pages/DashboardPage.ts:36

      34 |     // Gmail connection status
      35 |     const gmailCard = this.page.getByText(/gmail/i).first();
    > 36 |     await expect(gmailCard).toBeVisible();
         |                             ^
      37 |
      38 |     // Telegram connection status
      39 |     const telegramCard = this.page.getByText(/telegram/i).first();
        at DashboardPage.verifyConnectionStatusCards (/Users/hdv_1987/Desktop/Прроекты/Mail Agent/frontend/tests/e2e/pages/DashboardPage.ts:36:29)
        at /Users/hdv_1987/Desktop/Прроекты/Mail Agent/frontend/tests/e2e/dashboard.spec.ts:49:25

    attachment #1: screenshot (image/png) ──────────────────────────────────────────────────────────
    test-results/dashboard-Dashboard-Page-E-9ea26-tus-cards-display-correctly-chromium/test-failed-1.png
    ────────────────────────────────────────────────────────────────────────────────────────────────

    attachment #2: video (video/webm) ──────────────────────────────────────────────────────────────
    test-results/dashboard-Dashboard-Page-E-9ea26-tus-cards-display-correctly-chromium/video.webm
    ────────────────────────────────────────────────────────────────────────────────────────────────

    Error Context: test-results/dashboard-Dashboard-Page-E-9ea26-tus-cards-display-correctly-chromium/error-context.md

  3) [chromium] › tests/e2e/dashboard.spec.ts:60:7 › Dashboard Page E2E Tests › email statistics display correctly 

    Error: [2mexpect([22m[31mlocator[39m[2m).[22mtoBeVisible[2m([22m[2m)[22m failed

    Locator: getByText('127')
    Expected: visible
    Timeout: 10000ms
    Error: element(s) not found

    Call log:
    [2m  - Expect "toBeVisible" with timeout 10000ms[22m
    [2m  - waiting for getByText('127')[22m


       at pages/DashboardPage.ts:52

      50 |     // Total processed stat
      51 |     const totalProcessed = mockDashboardStats.email_stats.total_processed;
    > 52 |     await expect(this.page.getByText(totalProcessed.toString())).toBeVisible();
         |                                                                  ^
      53 |
      54 |     // Today stat
      55 |     const today = mockDashboardStats.email_stats.today;
        at DashboardPage.verifyEmailStatistics (/Users/hdv_1987/Desktop/Прроекты/Mail Agent/frontend/tests/e2e/pages/DashboardPage.ts:52:66)
        at /Users/hdv_1987/Desktop/Прроекты/Mail Agent/frontend/tests/e2e/dashboard.spec.ts:64:25

    attachment #1: screenshot (image/png) ──────────────────────────────────────────────────────────
    test-results/dashboard-Dashboard-Page-E-d4767-tatistics-display-correctly-chromium/test-failed-1.png
    ────────────────────────────────────────────────────────────────────────────────────────────────

    attachment #2: video (video/webm) ──────────────────────────────────────────────────────────────
    test-results/dashboard-Dashboard-Page-E-d4767-tatistics-display-correctly-chromium/video.webm
    ────────────────────────────────────────────────────────────────────────────────────────────────

    Error Context: test-results/dashboard-Dashboard-Page-E-d4767-tatistics-display-correctly-chromium/error-context.md

  4) [chromium] › tests/e2e/dashboard.spec.ts:73:7 › Dashboard Page E2E Tests › recent activity feed displays items 

    Error: [2mexpect([22m[31mlocator[39m[2m).[22mtoBeVisible[2m([22m[2m)[22m failed

    Locator: getByText(/recent activity/i)
    Expected: visible
    Timeout: 10000ms
    Error: element(s) not found

    Call log:
    [2m  - Expect "toBeVisible" with timeout 10000ms[22m
    [2m  - waiting for getByText(/recent activity/i)[22m


       at pages/DashboardPage.ts:72

      70 |   async verifyRecentActivityFeed() {
      71 |     // Check for recent activity section
    > 72 |     await expect(this.page.getByText(/recent activity/i)).toBeVisible();
         |                                                           ^
      73 |
      74 |     // Verify at least one activity item is displayed
      75 |     const firstActivity = mockDashboardStats.recent_activity[0];
        at DashboardPage.verifyRecentActivityFeed (/Users/hdv_1987/Desktop/Прроекты/Mail Agent/frontend/tests/e2e/pages/DashboardPage.ts:72:59)
        at /Users/hdv_1987/Desktop/Прроекты/Mail Agent/frontend/tests/e2e/dashboard.spec.ts:77:25

    attachment #1: screenshot (image/png) ──────────────────────────────────────────────────────────
    test-results/dashboard-Dashboard-Page-E-cd01f-ctivity-feed-displays-items-chromium/test-failed-1.png
    ────────────────────────────────────────────────────────────────────────────────────────────────

    attachment #2: video (video/webm) ──────────────────────────────────────────────────────────────
    test-results/dashboard-Dashboard-Page-E-cd01f-ctivity-feed-displays-items-chromium/video.webm
    ────────────────────────────────────────────────────────────────────────────────────────────────

    Error Context: test-results/dashboard-Dashboard-Page-E-cd01f-ctivity-feed-displays-items-chromium/error-context.md

  5) [chromium] › tests/e2e/dashboard.spec.ts:87:7 › Dashboard Page E2E Tests › time saved widget displays correctly 

    Error: [2mexpect([22m[31mlocator[39m[2m).[22mtoBeVisible[2m([22m[2m)[22m failed

    Locator: getByText(/time saved/i)
    Expected: visible
    Timeout: 10000ms
    Error: element(s) not found

    Call log:
    [2m  - Expect "toBeVisible" with timeout 10000ms[22m
    [2m  - waiting for getByText(/time saved/i)[22m


       at pages/DashboardPage.ts:88

      86 |
      87 |     // Look for time saved display
    > 88 |     await expect(this.page.getByText(/time saved/i)).toBeVisible();
         |                                                      ^
      89 |
      90 |     // Verify hours and minutes are displayed
      91 |     await expect(
        at DashboardPage.verifyTimeSavedWidget (/Users/hdv_1987/Desktop/Прроекты/Mail Agent/frontend/tests/e2e/pages/DashboardPage.ts:88:54)
        at /Users/hdv_1987/Desktop/Прроекты/Mail Agent/frontend/tests/e2e/dashboard.spec.ts:91:25

    attachment #1: screenshot (image/png) ──────────────────────────────────────────────────────────
    test-results/dashboard-Dashboard-Page-E-662d8-d-widget-displays-correctly-chromium/test-failed-1.png
    ────────────────────────────────────────────────────────────────────────────────────────────────

    attachment #2: video (video/webm) ──────────────────────────────────────────────────────────────
    test-results/dashboard-Dashboard-Page-E-662d8-d-widget-displays-correctly-chromium/video.webm
    ────────────────────────────────────────────────────────────────────────────────────────────────

    Error Context: test-results/dashboard-Dashboard-Page-E-662d8-d-widget-displays-correctly-chromium/error-context.md

  6) [chromium] › tests/e2e/dashboard.spec.ts:97:7 › Dashboard Page E2E Tests › dashboard auto-refreshes data (SWR polling) 

    Error: [2mexpect([22m[31mlocator[39m[2m).[22mtoBeVisible[2m([22m[2m)[22m failed

    Locator: getByText(/gmail/i).first()
    Expected: visible
    Timeout: 10000ms
    Error: element(s) not found

    Call log:
    [2m  - Expect "toBeVisible" with timeout 10000ms[22m
    [2m  - waiting for getByText(/gmail/i).first()[22m


       at pages/DashboardPage.ts:36

      34 |     // Gmail connection status
      35 |     const gmailCard = this.page.getByText(/gmail/i).first();
    > 36 |     await expect(gmailCard).toBeVisible();
         |                             ^
      37 |
      38 |     // Telegram connection status
      39 |     const telegramCard = this.page.getByText(/telegram/i).first();
        at DashboardPage.verifyConnectionStatusCards (/Users/hdv_1987/Desktop/Прроекты/Mail Agent/frontend/tests/e2e/pages/DashboardPage.ts:36:29)
        at DashboardPage.verifyDashboardLoaded (/Users/hdv_1987/Desktop/Прроекты/Mail Agent/frontend/tests/e2e/pages/DashboardPage.ts:130:16)
        at /Users/hdv_1987/Desktop/Прроекты/Mail Agent/frontend/tests/e2e/dashboard.spec.ts:103:25

    attachment #1: screenshot (image/png) ──────────────────────────────────────────────────────────
    test-results/dashboard-Dashboard-Page-E-06b5a-refreshes-data-SWR-polling--chromium/test-failed-1.png
    ────────────────────────────────────────────────────────────────────────────────────────────────

    attachment #2: video (video/webm) ──────────────────────────────────────────────────────────────
    test-results/dashboard-Dashboard-Page-E-06b5a-refreshes-data-SWR-polling--chromium/video.webm
    ────────────────────────────────────────────────────────────────────────────────────────────────

    Error Context: test-results/dashboard-Dashboard-Page-E-06b5a-refreshes-data-SWR-polling--chromium/error-context.md

  7) [chromium] › tests/e2e/dashboard.spec.ts:114:7 › Dashboard Page E2E Tests › dashboard displays loading states initially 

    Error: [2mexpect([22m[31mlocator[39m[2m).[22mtoBeVisible[2m([22m[2m)[22m failed

    Locator: getByRole('heading', { name: /dashboard/i })
    Expected: visible
    Timeout: 10000ms
    Error: element(s) not found

    Call log:
    [2m  - Expect "toBeVisible" with timeout 10000ms[22m
    [2m  - waiting for getByRole('heading', { name: /dashboard/i })[22m


      125 |     // Note: This depends on implementation
      126 |     // We'll verify page eventually loads
    > 127 |     await expect(page.getByRole('heading', { name: /dashboard/i })).toBeVisible({
          |                                                                     ^
      128 |       timeout: 10000,
      129 |     });
      130 |   });
        at /Users/hdv_1987/Desktop/Прроекты/Mail Agent/frontend/tests/e2e/dashboard.spec.ts:127:69

    attachment #1: screenshot (image/png) ──────────────────────────────────────────────────────────
    test-results/dashboard-Dashboard-Page-E-c7be0-ys-loading-states-initially-chromium/test-failed-1.png
    ────────────────────────────────────────────────────────────────────────────────────────────────

    attachment #2: video (video/webm) ──────────────────────────────────────────────────────────────
    test-results/dashboard-Dashboard-Page-E-c7be0-ys-loading-states-initially-chromium/video.webm
    ────────────────────────────────────────────────────────────────────────────────────────────────

    Error Context: test-results/dashboard-Dashboard-Page-E-c7be0-ys-loading-states-initially-chromium/error-context.md

  8) [chromium] › tests/e2e/dashboard.spec.ts:132:7 › Dashboard Page E2E Tests › dashboard handles API errors gracefully 

    Error: [2mexpect([22m[31mlocator[39m[2m).[22mtoBeVisible[2m([22m[2m)[22m failed

    Locator: getByText(/error.*loading|failed.*load|something went wrong/i)
    Expected: visible
    Timeout: 10000ms
    Error: element(s) not found

    Call log:
    [2m  - Expect "toBeVisible" with timeout 10000ms[22m
    [2m  - waiting for getByText(/error.*loading|failed.*load|something went wrong/i)[22m


      145 |     await expect(
      146 |       page.getByText(/error.*loading|failed.*load|something went wrong/i)
    > 147 |     ).toBeVisible({ timeout: 10000 });
          |       ^
      148 |
      149 |     // Verify retry button is available
      150 |     const retryButton = page.getByRole('button', { name: /retry|try again/i });
        at /Users/hdv_1987/Desktop/Прроекты/Mail Agent/frontend/tests/e2e/dashboard.spec.ts:147:7

    attachment #1: screenshot (image/png) ──────────────────────────────────────────────────────────
    test-results/dashboard-Dashboard-Page-E-2075a-ndles-API-errors-gracefully-chromium/test-failed-1.png
    ────────────────────────────────────────────────────────────────────────────────────────────────

    attachment #2: video (video/webm) ──────────────────────────────────────────────────────────────
    test-results/dashboard-Dashboard-Page-E-2075a-ndles-API-errors-gracefully-chromium/video.webm
    ────────────────────────────────────────────────────────────────────────────────────────────────

    Error Context: test-results/dashboard-Dashboard-Page-E-2075a-ndles-API-errors-gracefully-chromium/error-context.md

  9) [chromium] › tests/e2e/dashboard.spec.ts:182:7 › Dashboard Page E2E Tests › dashboard responsive on mobile viewport 

    Error: [2mexpect([22m[31mlocator[39m[2m).[22mtoBeVisible[2m([22m[2m)[22m failed

    Locator: getByRole('heading', { name: /dashboard/i })
    Expected: visible
    Timeout: 10000ms
    Error: element(s) not found

    Call log:
    [2m  - Expect "toBeVisible" with timeout 10000ms[22m
    [2m  - waiting for getByRole('heading', { name: /dashboard/i })[22m


      187 |
      188 |     // Verify dashboard loads on mobile
    > 189 |     await expect(page.getByRole('heading', { name: /dashboard/i })).toBeVisible();
          |                                                                     ^
      190 |
      191 |     // Verify stat cards stack vertically on mobile
      192 |     await dashboardPage.verifyEmailStatistics();
        at /Users/hdv_1987/Desktop/Прроекты/Mail Agent/frontend/tests/e2e/dashboard.spec.ts:189:69

    attachment #1: screenshot (image/png) ──────────────────────────────────────────────────────────
    test-results/dashboard-Dashboard-Page-E-05bda-sponsive-on-mobile-viewport-chromium/test-failed-1.png
    ────────────────────────────────────────────────────────────────────────────────────────────────

    attachment #2: video (video/webm) ──────────────────────────────────────────────────────────────
    test-results/dashboard-Dashboard-Page-E-05bda-sponsive-on-mobile-viewport-chromium/video.webm
    ────────────────────────────────────────────────────────────────────────────────────────────────

    Error Context: test-results/dashboard-Dashboard-Page-E-05bda-sponsive-on-mobile-viewport-chromium/error-context.md

  10) [chromium] › tests/e2e/dashboard.spec.ts:231:7 › Dashboard Page E2E Tests › dashboard shows empty state when no emails processed 

    Error: [2mexpect([22m[31mlocator[39m[2m).[22mtoBeVisible[2m([22m[2m)[22m failed

    Locator: getByText(/0.*email|no email/i)
    Expected: visible
    Timeout: 10000ms
    Error: element(s) not found

    Call log:
    [2m  - Expect "toBeVisible" with timeout 10000ms[22m
    [2m  - waiting for getByText(/0.*email|no email/i)[22m


      259 |
      260 |     // Verify zero stats are displayed
    > 261 |     await expect(page.getByText(/0.*email|no email/i)).toBeVisible();
          |                                                        ^
      262 |
      263 |     // Verify empty state message for activity feed
      264 |     await expect(
        at /Users/hdv_1987/Desktop/Прроекты/Mail Agent/frontend/tests/e2e/dashboard.spec.ts:261:56

    attachment #1: screenshot (image/png) ──────────────────────────────────────────────────────────
    test-results/dashboard-Dashboard-Page-E-09ce8-te-when-no-emails-processed-chromium/test-failed-1.png
    ────────────────────────────────────────────────────────────────────────────────────────────────

    attachment #2: video (video/webm) ──────────────────────────────────────────────────────────────
    test-results/dashboard-Dashboard-Page-E-09ce8-te-when-no-emails-processed-chromium/video.webm
    ────────────────────────────────────────────────────────────────────────────────────────────────

    Error Context: test-results/dashboard-Dashboard-Page-E-09ce8-te-when-no-emails-processed-chromium/error-context.md

  11) [chromium] › tests/e2e/errors.spec.ts:33:7 › Error Scenario E2E Tests › API failure shows error message and retry button 

    Error: [2mexpect([22m[31mlocator[39m[2m).[22mtoBeVisible[2m([22m[2m)[22m failed

    Locator: getByText(/error.*loading|failed.*load|something went wrong/i)
    Expected: visible
    Timeout: 10000ms
    Error: element(s) not found

    Call log:
    [2m  - Expect "toBeVisible" with timeout 10000ms[22m
    [2m  - waiting for getByText(/error.*loading|failed.*load|something went wrong/i)[22m


      48 |     await expect(
      49 |       page.getByText(/error.*loading|failed.*load|something went wrong/i)
    > 50 |     ).toBeVisible({ timeout: 10000 });
         |       ^
      51 |
      52 |     // Verify retry button is available
      53 |     const retryButton = page.getByRole('button', { name: /retry|try again/i });
        at /Users/hdv_1987/Desktop/Прроекты/Mail Agent/frontend/tests/e2e/errors.spec.ts:50:7

    attachment #1: screenshot (image/png) ──────────────────────────────────────────────────────────
    test-results/errors-Error-Scenario-E2E--58bc4-or-message-and-retry-button-chromium/test-failed-1.png
    ────────────────────────────────────────────────────────────────────────────────────────────────

    attachment #2: video (video/webm) ──────────────────────────────────────────────────────────────
    test-results/errors-Error-Scenario-E2E--58bc4-or-message-and-retry-button-chromium/video.webm
    ────────────────────────────────────────────────────────────────────────────────────────────────

    Error Context: test-results/errors-Error-Scenario-E2E--58bc4-or-message-and-retry-button-chromium/error-context.md

  12) [chromium] › tests/e2e/errors.spec.ts:58:7 › Error Scenario E2E Tests › retry button recovers from API failure 

    Error: [2mexpect([22m[31mlocator[39m[2m).[22mtoBeVisible[2m([22m[2m)[22m failed

    Locator: getByText(/error/i)
    Expected: visible
    Timeout: 10000ms
    Error: element(s) not found

    Call log:
    [2m  - Expect "toBeVisible" with timeout 10000ms[22m
    [2m  - waiting for getByText(/error/i)[22m


      79 |
      80 |     // Wait for error state
    > 81 |     await expect(page.getByText(/error/i)).toBeVisible({ timeout: 10000 });
         |                                            ^
      82 |
      83 |     // Click retry button
      84 |     const retryButton = page.getByRole('button', { name: /retry|try again/i });
        at /Users/hdv_1987/Desktop/Прроекты/Mail Agent/frontend/tests/e2e/errors.spec.ts:81:44

    attachment #1: screenshot (image/png) ──────────────────────────────────────────────────────────
    test-results/errors-Error-Scenario-E2E--383f2-n-recovers-from-API-failure-chromium/test-failed-1.png
    ────────────────────────────────────────────────────────────────────────────────────────────────

    attachment #2: video (video/webm) ──────────────────────────────────────────────────────────────
    test-results/errors-Error-Scenario-E2E--383f2-n-recovers-from-API-failure-chromium/video.webm
    ────────────────────────────────────────────────────────────────────────────────────────────────

    Error Context: test-results/errors-Error-Scenario-E2E--383f2-n-recovers-from-API-failure-chromium/error-context.md

  13) [chromium] › tests/e2e/errors.spec.ts:93:7 › Error Scenario E2E Tests › network offline shows offline banner 

    Error: page.reload: net::ERR_INTERNET_DISCONNECTED
    Call log:
    [2m  - waiting for navigation until "load"[22m


      101 |
      102 |     // Trigger a request that will fail due to offline
    > 103 |     await page.reload();
          |                ^
      104 |
      105 |     // Verify offline banner/message is displayed
      106 |     await expect(
        at /Users/hdv_1987/Desktop/Прроекты/Mail Agent/frontend/tests/e2e/errors.spec.ts:103:16

    attachment #1: screenshot (image/png) ──────────────────────────────────────────────────────────
    test-results/errors-Error-Scenario-E2E--82d18-ffline-shows-offline-banner-chromium/test-failed-1.png
    ────────────────────────────────────────────────────────────────────────────────────────────────

    attachment #2: video (video/webm) ──────────────────────────────────────────────────────────────
    test-results/errors-Error-Scenario-E2E--82d18-ffline-shows-offline-banner-chromium/video.webm
    ────────────────────────────────────────────────────────────────────────────────────────────────

  14) [chromium] › tests/e2e/errors.spec.ts:111:7 › Error Scenario E2E Tests › network recovery restores functionality 

    Error: page.goto: net::ERR_INTERNET_DISCONNECTED at http://localhost:3000/dashboard
    Call log:
    [2m  - navigating to "http://localhost:3000/dashboard", waiting until "load"[22m


      115 |     await page.context().setOffline(true);
      116 |
    > 117 |     await page.goto('/dashboard');
          |                ^
      118 |
      119 |     // Verify offline state
      120 |     await expect(
        at /Users/hdv_1987/Desktop/Прроекты/Mail Agent/frontend/tests/e2e/errors.spec.ts:117:16

    attachment #1: screenshot (image/png) ──────────────────────────────────────────────────────────
    test-results/errors-Error-Scenario-E2E--a6a4b-very-restores-functionality-chromium/test-failed-1.png
    ────────────────────────────────────────────────────────────────────────────────────────────────

    attachment #2: video (video/webm) ──────────────────────────────────────────────────────────────
    test-results/errors-Error-Scenario-E2E--a6a4b-very-restores-functionality-chromium/video.webm
    ────────────────────────────────────────────────────────────────────────────────────────────────

  15) [chromium] › tests/e2e/errors.spec.ts:136:7 › Error Scenario E2E Tests › API timeout shows timeout error message 

    Error: [2mexpect([22m[31mlocator[39m[2m).[22mtoBeVisible[2m([22m[2m)[22m failed

    Locator: getByText(/timeout|took too long|slow.*connection/i)
    Expected: visible
    Timeout: 65000ms
    Error: element(s) not found

    Call log:
    [2m  - Expect "toBeVisible" with timeout 65000ms[22m
    [2m  - waiting for getByText(/timeout|took too long|slow.*connection/i)[22m


      149 |     await expect(
      150 |       page.getByText(/timeout|took too long|slow.*connection/i)
    > 151 |     ).toBeVisible({ timeout: 65000 });
          |       ^
      152 |   });
      153 |
      154 |   test('404 error shows appropriate message', async ({ page }) => {
        at /Users/hdv_1987/Desktop/Прроекты/Mail Agent/frontend/tests/e2e/errors.spec.ts:151:7

    attachment #1: screenshot (image/png) ──────────────────────────────────────────────────────────
    test-results/errors-Error-Scenario-E2E--3cf13-shows-timeout-error-message-chromium/test-failed-1.png
    ────────────────────────────────────────────────────────────────────────────────────────────────

    attachment #2: video (video/webm) ──────────────────────────────────────────────────────────────
    test-results/errors-Error-Scenario-E2E--3cf13-shows-timeout-error-message-chromium/video.webm
    ────────────────────────────────────────────────────────────────────────────────────────────────

    Error Context: test-results/errors-Error-Scenario-E2E--3cf13-shows-timeout-error-message-chromium/error-context.md

  16) [chromium] › tests/e2e/errors.spec.ts:154:7 › Error Scenario E2E Tests › 404 error shows appropriate message 

    Error: [2mexpect([22m[31mlocator[39m[2m).[22mtoBeVisible[2m([22m[2m)[22m failed

    Locator: getByRole('link', { name: /home|dashboard|back/i })
    Expected: visible
    Timeout: 10000ms
    Error: element(s) not found

    Call log:
    [2m  - Expect "toBeVisible" with timeout 10000ms[22m
    [2m  - waiting for getByRole('link', { name: /home|dashboard|back/i })[22m


      163 |     // Verify link to go back or home
      164 |     const homeLink = page.getByRole('link', { name: /home|dashboard|back/i });
    > 165 |     await expect(homeLink).toBeVisible();
          |                            ^
      166 |   });
      167 |
      168 |   test('unauthorized access redirects to login', async ({ page }) => {
        at /Users/hdv_1987/Desktop/Прроекты/Mail Agent/frontend/tests/e2e/errors.spec.ts:165:28

    attachment #1: screenshot (image/png) ──────────────────────────────────────────────────────────
    test-results/errors-Error-Scenario-E2E--1c5d1-r-shows-appropriate-message-chromium/test-failed-1.png
    ────────────────────────────────────────────────────────────────────────────────────────────────

    attachment #2: video (video/webm) ──────────────────────────────────────────────────────────────
    test-results/errors-Error-Scenario-E2E--1c5d1-r-shows-appropriate-message-chromium/video.webm
    ────────────────────────────────────────────────────────────────────────────────────────────────

    Error Context: test-results/errors-Error-Scenario-E2E--1c5d1-r-shows-appropriate-message-chromium/error-context.md

  17) [chromium] › tests/e2e/errors.spec.ts:168:7 › Error Scenario E2E Tests › unauthorized access redirects to login 

    Error: [2mexpect([22m[31mlocator[39m[2m).[22mtoBeVisible[2m([22m[2m)[22m failed

    Locator: getByText(/login|sign in|authenticate/i)
    Expected: visible
    Timeout: 10000ms
    Error: element(s) not found

    Call log:
    [2m  - Expect "toBeVisible" with timeout 10000ms[22m
    [2m  - waiting for getByText(/login|sign in|authenticate/i)[22m


      174 |
      175 |     // Verify login prompt
    > 176 |     await expect(page.getByText(/login|sign in|authenticate/i)).toBeVisible({
          |                                                                 ^
      177 |       timeout: 10000,
      178 |     });
      179 |   });
        at /Users/hdv_1987/Desktop/Прроекты/Mail Agent/frontend/tests/e2e/errors.spec.ts:176:65

    attachment #1: screenshot (image/png) ──────────────────────────────────────────────────────────
    test-results/errors-Error-Scenario-E2E--97a14-d-access-redirects-to-login-chromium/test-failed-1.png
    ────────────────────────────────────────────────────────────────────────────────────────────────

    attachment #2: video (video/webm) ──────────────────────────────────────────────────────────────
    test-results/errors-Error-Scenario-E2E--97a14-d-access-redirects-to-login-chromium/video.webm
    ────────────────────────────────────────────────────────────────────────────────────────────────

    Error Context: test-results/errors-Error-Scenario-E2E--97a14-d-access-redirects-to-login-chromium/error-context.md

  18) [chromium] › tests/e2e/errors.spec.ts:181:7 › Error Scenario E2E Tests › folder creation with duplicate name shows error 

    TimeoutError: locator.click: Timeout 30000ms exceeded.
    Call log:
    [2m  - waiting for getByRole('button', { name: /add folder/i })[22m


      204 |     // Try to create folder with existing name
      205 |     const addButton = page.getByRole('button', { name: /add folder/i });
    > 206 |     await addButton.click();
          |                     ^
      207 |
      208 |     await page.fill('input[name="name"]', 'Government');
      209 |     await page.fill('input[name="keywords"]', 'test');
        at /Users/hdv_1987/Desktop/Прроекты/Mail Agent/frontend/tests/e2e/errors.spec.ts:206:21

    attachment #1: screenshot (image/png) ──────────────────────────────────────────────────────────
    test-results/errors-Error-Scenario-E2E--6e601--duplicate-name-shows-error-chromium/test-failed-1.png
    ────────────────────────────────────────────────────────────────────────────────────────────────

    attachment #2: video (video/webm) ──────────────────────────────────────────────────────────────
    test-results/errors-Error-Scenario-E2E--6e601--duplicate-name-shows-error-chromium/video.webm
    ────────────────────────────────────────────────────────────────────────────────────────────────

    Error Context: test-results/errors-Error-Scenario-E2E--6e601--duplicate-name-shows-error-chromium/error-context.md

  19) [chromium] › tests/e2e/errors.spec.ts:238:7 › Error Scenario E2E Tests › session expiration redirects to login with message 

    Error: [2mexpect([22m[31mlocator[39m[2m).[22mtoBeVisible[2m([22m[2m)[22m failed

    Locator: getByText(/session.*expired|logged out|sign in again/i)
    Expected: visible
    Timeout: 10000ms
    Error: element(s) not found

    Call log:
    [2m  - Expect "toBeVisible" with timeout 10000ms[22m
    [2m  - waiting for getByText(/session.*expired|logged out|sign in again/i)[22m
    [2m    6 × waiting for" http://localhost:3000/login" navigation to finish...[22m
    [2m      - navigated to "http://localhost:3000/login"[22m


      259 |     await expect(
      260 |       page.getByText(/session.*expired|logged out|sign in again/i)
    > 261 |     ).toBeVisible({ timeout: 10000 });
          |       ^
      262 |   });
      263 |
      264 |   test('rate limiting shows appropriate error message', async ({ page }) => {
        at /Users/hdv_1987/Desktop/Прроекты/Mail Agent/frontend/tests/e2e/errors.spec.ts:261:7

    attachment #1: screenshot (image/png) ──────────────────────────────────────────────────────────
    test-results/errors-Error-Scenario-E2E--0f9da-rects-to-login-with-message-chromium/test-failed-1.png
    ────────────────────────────────────────────────────────────────────────────────────────────────

    attachment #2: video (video/webm) ──────────────────────────────────────────────────────────────
    test-results/errors-Error-Scenario-E2E--0f9da-rects-to-login-with-message-chromium/video.webm
    ────────────────────────────────────────────────────────────────────────────────────────────────

    Error Context: test-results/errors-Error-Scenario-E2E--0f9da-rects-to-login-with-message-chromium/error-context.md

  20) [chromium] › tests/e2e/errors.spec.ts:264:7 › Error Scenario E2E Tests › rate limiting shows appropriate error message 

    Error: [2mexpect([22m[31mlocator[39m[2m).[22mtoBeVisible[2m([22m[2m)[22m failed

    Locator: getByText(/too many requests|rate limit|try again later/i)
    Expected: visible
    Timeout: 10000ms
    Error: element(s) not found

    Call log:
    [2m  - Expect "toBeVisible" with timeout 10000ms[22m
    [2m  - waiting for getByText(/too many requests|rate limit|try again later/i)[22m


      282 |     await expect(
      283 |       page.getByText(/too many requests|rate limit|try again later/i)
    > 284 |     ).toBeVisible({ timeout: 10000 });
          |       ^
      285 |
      286 |     // Verify retry after time is displayed
      287 |     await expect(page.getByText(/60|1 minute/i)).toBeVisible();
        at /Users/hdv_1987/Desktop/Прроекты/Mail Agent/frontend/tests/e2e/errors.spec.ts:284:7

    attachment #1: screenshot (image/png) ──────────────────────────────────────────────────────────
    test-results/errors-Error-Scenario-E2E--40c39-s-appropriate-error-message-chromium/test-failed-1.png
    ────────────────────────────────────────────────────────────────────────────────────────────────

    attachment #2: video (video/webm) ──────────────────────────────────────────────────────────────
    test-results/errors-Error-Scenario-E2E--40c39-s-appropriate-error-message-chromium/video.webm
    ────────────────────────────────────────────────────────────────────────────────────────────────

    Error Context: test-results/errors-Error-Scenario-E2E--40c39-s-appropriate-error-message-chromium/error-context.md

  21) [chromium] › tests/e2e/errors.spec.ts:290:7 › Error Scenario E2E Tests › malformed API response shows generic error 

    Error: [2mexpect([22m[31mlocator[39m[2m).[22mtoBeVisible[2m([22m[2m)[22m failed

    Locator: getByText(/unexpected error|something went wrong|try again/i)
    Expected: visible
    Timeout: 10000ms
    Error: element(s) not found

    Call log:
    [2m  - Expect "toBeVisible" with timeout 10000ms[22m
    [2m  - waiting for getByText(/unexpected error|something went wrong|try again/i)[22m


      305 |     await expect(
      306 |       page.getByText(/unexpected error|something went wrong|try again/i)
    > 307 |     ).toBeVisible({ timeout: 10000 });
          |       ^
      308 |   });
      309 |
      310 |   test('empty required field shows validation error', async ({ page }) => {
        at /Users/hdv_1987/Desktop/Прроекты/Mail Agent/frontend/tests/e2e/errors.spec.ts:307:7

    attachment #1: screenshot (image/png) ──────────────────────────────────────────────────────────
    test-results/errors-Error-Scenario-E2E--8146c-esponse-shows-generic-error-chromium/test-failed-1.png
    ────────────────────────────────────────────────────────────────────────────────────────────────

    attachment #2: video (video/webm) ──────────────────────────────────────────────────────────────
    test-results/errors-Error-Scenario-E2E--8146c-esponse-shows-generic-error-chromium/video.webm
    ────────────────────────────────────────────────────────────────────────────────────────────────

    Error Context: test-results/errors-Error-Scenario-E2E--8146c-esponse-shows-generic-error-chromium/error-context.md

  22) [chromium] › tests/e2e/errors.spec.ts:310:7 › Error Scenario E2E Tests › empty required field shows validation error 

    TimeoutError: locator.click: Timeout 30000ms exceeded.
    Call log:
    [2m  - waiting for getByRole('button', { name: /add folder/i })[22m


      315 |     // Open create dialog
      316 |     const addButton = page.getByRole('button', { name: /add folder/i });
    > 317 |     await addButton.click();
          |                     ^
      318 |
      319 |     // Try to save without filling required fields
      320 |     const saveButton = page.getByRole('button', { name: /save/i });
        at /Users/hdv_1987/Desktop/Прроекты/Mail Agent/frontend/tests/e2e/errors.spec.ts:317:21

    attachment #1: screenshot (image/png) ──────────────────────────────────────────────────────────
    test-results/errors-Error-Scenario-E2E--d2f78-ield-shows-validation-error-chromium/test-failed-1.png
    ────────────────────────────────────────────────────────────────────────────────────────────────

    attachment #2: video (video/webm) ──────────────────────────────────────────────────────────────
    test-results/errors-Error-Scenario-E2E--d2f78-ield-shows-validation-error-chromium/video.webm
    ────────────────────────────────────────────────────────────────────────────────────────────────

    Error Context: test-results/errors-Error-Scenario-E2E--d2f78-ield-shows-validation-error-chromium/error-context.md

  23) [chromium] › tests/e2e/errors.spec.ts:327:7 › Error Scenario E2E Tests › error messages are user-friendly and actionable 

    Error: [2mexpect([22m[31mlocator[39m[2m).[22mtoBeVisible[2m([22m[2m)[22m failed

    Locator: getByText(/error|failed|wrong/i).first()
    Expected: visible
    Timeout: 10000ms
    Error: element(s) not found

    Call log:
    [2m  - Expect "toBeVisible" with timeout 10000ms[22m
    [2m  - waiting for getByText(/error|failed|wrong/i).first()[22m


      341 |     // Verify error message is displayed
      342 |     const errorMessage = page.getByText(/error|failed|wrong/i).first();
    > 343 |     await expect(errorMessage).toBeVisible({ timeout: 10000 });
          |                                ^
      344 |
      345 |     // Verify error message doesn't expose technical details
      346 |     await expect(page.getByText(/database|SQL|stack trace/i)).not.toBeVisible();
        at /Users/hdv_1987/Desktop/Прроекты/Mail Agent/frontend/tests/e2e/errors.spec.ts:343:32

    attachment #1: screenshot (image/png) ──────────────────────────────────────────────────────────
    test-results/errors-Error-Scenario-E2E--49144-ser-friendly-and-actionable-chromium/test-failed-1.png
    ────────────────────────────────────────────────────────────────────────────────────────────────

    attachment #2: video (video/webm) ──────────────────────────────────────────────────────────────
    test-results/errors-Error-Scenario-E2E--49144-ser-friendly-and-actionable-chromium/video.webm
    ────────────────────────────────────────────────────────────────────────────────────────────────

    Error Context: test-results/errors-Error-Scenario-E2E--49144-ser-friendly-and-actionable-chromium/error-context.md

  24) [chromium] › tests/e2e/errors.spec.ts:354:7 › Error Scenario E2E Tests › loading spinner shows during async operations 

    Error: [2mexpect([22m[31mlocator[39m[2m).[22mtoBeVisible[2m([22m[2m)[22m failed

    Locator: locator('[data-loading="true"]').or(getByText(/loading/i))
    Expected: visible
    Timeout: 1000ms
    Error: element(s) not found

    Call log:
    [2m  - Expect "toBeVisible" with timeout 1000ms[22m
    [2m  - waiting for locator('[data-loading="true"]').or(getByText(/loading/i))[22m
    [2m    - waiting for" http://localhost:3000/dashboard" navigation to finish...[22m
    [2m    - navigated to "http://localhost:3000/dashboard"[22m
    [2m    - waiting for" http://localhost:3000/login" navigation to finish...[22m
    [2m    - navigated to "http://localhost:3000/login"[22m


      364 |
      365 |     // Verify loading indicator appears
    > 366 |     await expect(page.locator('[data-loading="true"]').or(page.getByText(/loading/i))).toBeVisible({
          |                                                                                        ^
      367 |       timeout: 1000,
      368 |     });
      369 |
        at /Users/hdv_1987/Desktop/Прроекты/Mail Agent/frontend/tests/e2e/errors.spec.ts:366:88

    attachment #1: screenshot (image/png) ──────────────────────────────────────────────────────────
    test-results/errors-Error-Scenario-E2E--9c8e4-ows-during-async-operations-chromium/test-failed-1.png
    ────────────────────────────────────────────────────────────────────────────────────────────────

    attachment #2: video (video/webm) ──────────────────────────────────────────────────────────────
    test-results/errors-Error-Scenario-E2E--9c8e4-ows-during-async-operations-chromium/video.webm
    ────────────────────────────────────────────────────────────────────────────────────────────────

    Error Context: test-results/errors-Error-Scenario-E2E--9c8e4-ows-during-async-operations-chromium/error-context.md

  25) [chromium] › tests/e2e/errors.spec.ts:376:7 › Error Scenario E2E Tests › concurrent API failures dont break UI 

    Error: [2mexpect([22m[31mlocator[39m[2m).[22mtoBeVisible[2m([22m[2m)[22m failed

    Locator: getByRole('button', { name: /retry/i })
    Expected: visible
    Timeout: 10000ms
    Error: element(s) not found

    Call log:
    [2m  - Expect "toBeVisible" with timeout 10000ms[22m
    [2m  - waiting for getByRole('button', { name: /retry/i })[22m


      394 |
      395 |     // Verify UI remains responsive
    > 396 |     await expect(page.getByRole('button', { name: /retry/i })).toBeVisible({
          |                                                                ^
      397 |       timeout: 10000,
      398 |     });
      399 |
        at /Users/hdv_1987/Desktop/Прроекты/Mail Agent/frontend/tests/e2e/errors.spec.ts:396:64

    attachment #1: screenshot (image/png) ──────────────────────────────────────────────────────────
    test-results/errors-Error-Scenario-E2E--63f5e--API-failures-dont-break-UI-chromium/test-failed-1.png
    ────────────────────────────────────────────────────────────────────────────────────────────────

    attachment #2: video (video/webm) ──────────────────────────────────────────────────────────────
    test-results/errors-Error-Scenario-E2E--63f5e--API-failures-dont-break-UI-chromium/video.webm
    ────────────────────────────────────────────────────────────────────────────────────────────────

    Error Context: test-results/errors-Error-Scenario-E2E--63f5e--API-failures-dont-break-UI-chromium/error-context.md

  26) [chromium] › tests/e2e/folders.spec.ts:34:7 › Folder Management E2E Tests › folders page loads and displays folder list 

    Error: [2mexpect([22m[31mlocator[39m[2m).[22mtoBeVisible[2m([22m[2m)[22m failed

    Locator: getByRole('heading', { name: /folder|categories/i })
    Expected: visible
    Error: strict mode violation: getByRole('heading', { name: /folder|categories/i }) resolved to 2 elements:
        1) <h1 class="text-3xl font-bold">Folder Categories</h1> aka getByRole('heading', { name: 'Folder Categories' })
        2) <h3 class="text-lg font-semibold mb-2">No folders yet. Create your first category!</h3> aka getByRole('heading', { name: 'No folders yet. Create your' })

    Call log:
    [2m  - Expect "toBeVisible" with timeout 10000ms[22m
    [2m  - waiting for getByRole('heading', { name: /folder|categories/i })[22m


      36 |
      37 |     // Verify page title
    > 38 |     await expect(page.getByRole('heading', { name: /folder|categories/i })).toBeVisible();
         |                                                                             ^
      39 |
      40 |     // Verify folder list is displayed
      41 |     await foldersPage.verifyFolderListDisplayed();
        at /Users/hdv_1987/Desktop/Прроекты/Mail Agent/frontend/tests/e2e/folders.spec.ts:38:77

    attachment #1: screenshot (image/png) ──────────────────────────────────────────────────────────
    test-results/folders-Folder-Management--631c7-ds-and-displays-folder-list-chromium/test-failed-1.png
    ────────────────────────────────────────────────────────────────────────────────────────────────

    attachment #2: video (video/webm) ──────────────────────────────────────────────────────────────
    test-results/folders-Folder-Management--631c7-ds-and-displays-folder-list-chromium/video.webm
    ────────────────────────────────────────────────────────────────────────────────────────────────

    Error Context: test-results/folders-Folder-Management--631c7-ds-and-displays-folder-list-chromium/error-context.md

  27) [chromium] › tests/e2e/folders.spec.ts:44:7 › Folder Management E2E Tests › create new folder successfully 

    Error: [2mexpect([22m[31mlocator[39m[2m).[22mtoBeVisible[2m([22m[2m)[22m failed

    Locator: getByRole('button', { name: /add folder|create folder/i })
    Expected: visible
    Timeout: 10000ms
    Error: element(s) not found

    Call log:
    [2m  - Expect "toBeVisible" with timeout 10000ms[22m
    [2m  - waiting for getByRole('button', { name: /add folder|create folder/i })[22m


       at pages/FoldersPage.ts:103

      101 |     // Click "Add Folder" or "Create Folder" button
      102 |     const addButton = this.page.getByRole('button', { name: /add folder|create folder/i });
    > 103 |     await expect(addButton).toBeVisible();
          |                             ^
      104 |     await addButton.click();
      105 |
      106 |     // Wait for dialog/form to appear
        at FoldersPage.createFolder (/Users/hdv_1987/Desktop/Прроекты/Mail Agent/frontend/tests/e2e/pages/FoldersPage.ts:103:29)
        at /Users/hdv_1987/Desktop/Прроекты/Mail Agent/frontend/tests/e2e/folders.spec.ts:48:23

    attachment #1: screenshot (image/png) ──────────────────────────────────────────────────────────
    test-results/folders-Folder-Management--5b3de-ate-new-folder-successfully-chromium/test-failed-1.png
    ────────────────────────────────────────────────────────────────────────────────────────────────

    attachment #2: video (video/webm) ──────────────────────────────────────────────────────────────
    test-results/folders-Folder-Management--5b3de-ate-new-folder-successfully-chromium/video.webm
    ────────────────────────────────────────────────────────────────────────────────────────────────

    Error Context: test-results/folders-Folder-Management--5b3de-ate-new-folder-successfully-chromium/error-context.md

  28) [chromium] › tests/e2e/folders.spec.ts:59:7 › Folder Management E2E Tests › edit existing folder successfully 

    Error: [2mexpect([22m[31mlocator[39m[2m).[22mtoBeVisible[2m([22m[2m)[22m failed

    Locator: getByText('Banking')
    Expected: visible
    Timeout: 10000ms
    Error: element(s) not found

    Call log:
    [2m  - Expect "toBeVisible" with timeout 10000ms[22m
    [2m  - waiting for getByText('Banking')[22m


       at pages/FoldersPage.ts:93

      91 |   async verifyFolderListDisplayed() {
      92 |     for (const folder of this.folders.slice(0, 3)) {
    > 93 |       await expect(this.page.getByText(folder.name)).toBeVisible();
         |                                                      ^
      94 |     }
      95 |   }
      96 |
        at FoldersPage.verifyFolderListDisplayed (/Users/hdv_1987/Desktop/Прроекты/Mail Agent/frontend/tests/e2e/pages/FoldersPage.ts:93:54)
        at /Users/hdv_1987/Desktop/Прроекты/Mail Agent/frontend/tests/e2e/folders.spec.ts:63:5

    attachment #1: screenshot (image/png) ──────────────────────────────────────────────────────────
    test-results/folders-Folder-Management--1c8f9-xisting-folder-successfully-chromium/test-failed-1.png
    ────────────────────────────────────────────────────────────────────────────────────────────────

    attachment #2: video (video/webm) ──────────────────────────────────────────────────────────────
    test-results/folders-Folder-Management--1c8f9-xisting-folder-successfully-chromium/video.webm
    ────────────────────────────────────────────────────────────────────────────────────────────────

    Error Context: test-results/folders-Folder-Management--1c8f9-xisting-folder-successfully-chromium/error-context.md

  29) [chromium] › tests/e2e/folders.spec.ts:75:7 › Folder Management E2E Tests › delete folder with confirmation 

    Error: [2mexpect([22m[31mlocator[39m[2m).[22mtoBeVisible[2m([22m[2m)[22m failed

    Locator: getByRole('button', { name: /add folder|create folder/i })
    Expected: visible
    Timeout: 10000ms
    Error: element(s) not found

    Call log:
    [2m  - Expect "toBeVisible" with timeout 10000ms[22m
    [2m  - waiting for getByRole('button', { name: /add folder|create folder/i })[22m


       at pages/FoldersPage.ts:103

      101 |     // Click "Add Folder" or "Create Folder" button
      102 |     const addButton = this.page.getByRole('button', { name: /add folder|create folder/i });
    > 103 |     await expect(addButton).toBeVisible();
          |                             ^
      104 |     await addButton.click();
      105 |
      106 |     // Wait for dialog/form to appear
        at FoldersPage.createFolder (/Users/hdv_1987/Desktop/Прроекты/Mail Agent/frontend/tests/e2e/pages/FoldersPage.ts:103:29)
        at /Users/hdv_1987/Desktop/Прроекты/Mail Agent/frontend/tests/e2e/folders.spec.ts:79:23

    attachment #1: screenshot (image/png) ──────────────────────────────────────────────────────────
    test-results/folders-Folder-Management--0eb2f-te-folder-with-confirmation-chromium/test-failed-1.png
    ────────────────────────────────────────────────────────────────────────────────────────────────

    attachment #2: video (video/webm) ──────────────────────────────────────────────────────────────
    test-results/folders-Folder-Management--0eb2f-te-folder-with-confirmation-chromium/video.webm
    ────────────────────────────────────────────────────────────────────────────────────────────────

    Error Context: test-results/folders-Folder-Management--0eb2f-te-folder-with-confirmation-chromium/error-context.md

  30) [chromium] › tests/e2e/folders.spec.ts:116:7 › Folder Management E2E Tests › folder form validation works 

    TimeoutError: locator.click: Timeout 30000ms exceeded.
    Call log:
    [2m  - waiting for getByRole('button', { name: /add folder|create folder/i })[22m


      119 |     // Open create folder dialog
      120 |     const addButton = page.getByRole('button', { name: /add folder|create folder/i });
    > 121 |     await addButton.click();
          |                     ^
      122 |
      123 |     // Wait for dialog
      124 |     await expect(page.getByRole('dialog')).toBeVisible();
        at /Users/hdv_1987/Desktop/Прроекты/Mail Agent/frontend/tests/e2e/folders.spec.ts:121:21

    attachment #1: screenshot (image/png) ──────────────────────────────────────────────────────────
    test-results/folders-Folder-Management--7c0c2-older-form-validation-works-chromium/test-failed-1.png
    ────────────────────────────────────────────────────────────────────────────────────────────────

    attachment #2: video (video/webm) ──────────────────────────────────────────────────────────────
    test-results/folders-Folder-Management--7c0c2-older-form-validation-works-chromium/video.webm
    ────────────────────────────────────────────────────────────────────────────────────────────────

    Error Context: test-results/folders-Folder-Management--7c0c2-older-form-validation-works-chromium/error-context.md

  31) [chromium] › tests/e2e/folders.spec.ts:141:7 › Folder Management E2E Tests › folder list shows color indicators 

    Error: [2mexpect([22m[31mlocator[39m[2m).[22mtoBeVisible[2m([22m[2m)[22m failed

    Locator: getByText('Banking')
    Expected: visible
    Timeout: 10000ms
    Error: element(s) not found

    Call log:
    [2m  - Expect "toBeVisible" with timeout 10000ms[22m
    [2m  - waiting for getByText('Banking')[22m


       at pages/FoldersPage.ts:93

      91 |   async verifyFolderListDisplayed() {
      92 |     for (const folder of this.folders.slice(0, 3)) {
    > 93 |       await expect(this.page.getByText(folder.name)).toBeVisible();
         |                                                      ^
      94 |     }
      95 |   }
      96 |
        at FoldersPage.verifyFolderListDisplayed (/Users/hdv_1987/Desktop/Прроекты/Mail Agent/frontend/tests/e2e/pages/FoldersPage.ts:93:54)
        at /Users/hdv_1987/Desktop/Прроекты/Mail Agent/frontend/tests/e2e/folders.spec.ts:144:5

    attachment #1: screenshot (image/png) ──────────────────────────────────────────────────────────
    test-results/folders-Folder-Management--e2b69-list-shows-color-indicators-chromium/test-failed-1.png
    ────────────────────────────────────────────────────────────────────────────────────────────────

    attachment #2: video (video/webm) ──────────────────────────────────────────────────────────────
    test-results/folders-Folder-Management--e2b69-list-shows-color-indicators-chromium/video.webm
    ────────────────────────────────────────────────────────────────────────────────────────────────

    Error Context: test-results/folders-Folder-Management--e2b69-list-shows-color-indicators-chromium/error-context.md

  32) [chromium] › tests/e2e/folders.spec.ts:153:7 › Folder Management E2E Tests › folder keywords are displayed 

    Error: [2mexpect([22m[31mlocator[39m[2m).[22mtoBeVisible[2m([22m[2m)[22m failed

    Locator: getByText(/finanzamt|tax|bürgeramt/i)
    Expected: visible
    Error: strict mode violation: getByText(/finanzamt|tax|bürgeramt/i) resolved to 2 elements:
        1) <span class="text-xs bg-secondary px-2 py-1 rounded-full">finanzamt</span> aka getByText('finanzamt')
        2) <span class="text-xs bg-secondary px-2 py-1 rounded-full">tax</span> aka getByText('tax')

    Call log:
    [2m  - Expect "toBeVisible" with timeout 10000ms[22m
    [2m  - waiting for getByText(/finanzamt|tax|bürgeramt/i)[22m


      155 |
      156 |     // Verify keywords are visible for folders
    > 157 |     await expect(page.getByText(/finanzamt|tax|bürgeramt/i)).toBeVisible();
          |                                                              ^
      158 |     await expect(page.getByText(/bank|sparkasse|n26/i)).toBeVisible();
      159 |   });
      160 |
        at /Users/hdv_1987/Desktop/Прроекты/Mail Agent/frontend/tests/e2e/folders.spec.ts:157:62

    attachment #1: screenshot (image/png) ──────────────────────────────────────────────────────────
    test-results/folders-Folder-Management--3e38a-lder-keywords-are-displayed-chromium/test-failed-1.png
    ────────────────────────────────────────────────────────────────────────────────────────────────

    attachment #2: video (video/webm) ──────────────────────────────────────────────────────────────
    test-results/folders-Folder-Management--3e38a-lder-keywords-are-displayed-chromium/video.webm
    ────────────────────────────────────────────────────────────────────────────────────────────────

    Error Context: test-results/folders-Folder-Management--3e38a-lder-keywords-are-displayed-chromium/error-context.md

  33) [chromium] › tests/e2e/folders.spec.ts:161:7 › Folder Management E2E Tests › folders persist after page refresh 

    Error: [2mexpect([22m[31mlocator[39m[2m).[22mtoBeVisible[2m([22m[2m)[22m failed

    Locator: getByRole('button', { name: /add folder|create folder/i })
    Expected: visible
    Timeout: 10000ms
    Error: element(s) not found

    Call log:
    [2m  - Expect "toBeVisible" with timeout 10000ms[22m
    [2m  - waiting for getByRole('button', { name: /add folder|create folder/i })[22m


       at pages/FoldersPage.ts:103

      101 |     // Click "Add Folder" or "Create Folder" button
      102 |     const addButton = this.page.getByRole('button', { name: /add folder|create folder/i });
    > 103 |     await expect(addButton).toBeVisible();
          |                             ^
      104 |     await addButton.click();
      105 |
      106 |     // Wait for dialog/form to appear
        at FoldersPage.createFolder (/Users/hdv_1987/Desktop/Прроекты/Mail Agent/frontend/tests/e2e/pages/FoldersPage.ts:103:29)
        at /Users/hdv_1987/Desktop/Прроекты/Mail Agent/frontend/tests/e2e/folders.spec.ts:165:23

    attachment #1: screenshot (image/png) ──────────────────────────────────────────────────────────
    test-results/folders-Folder-Management--3bdcc--persist-after-page-refresh-chromium/test-failed-1.png
    ────────────────────────────────────────────────────────────────────────────────────────────────

    attachment #2: video (video/webm) ──────────────────────────────────────────────────────────────
    test-results/folders-Folder-Management--3bdcc--persist-after-page-refresh-chromium/video.webm
    ────────────────────────────────────────────────────────────────────────────────────────────────

    Error Context: test-results/folders-Folder-Management--3bdcc--persist-after-page-refresh-chromium/error-context.md

  34) [chromium] › tests/e2e/folders.spec.ts:196:7 › Folder Management E2E Tests › folder order can be changed 

    Error: [2mexpect([22m[31mlocator[39m[2m).[22mtoBeVisible[2m([22m[2m)[22m failed

    Locator: getByText('Banking')
    Expected: visible
    Timeout: 10000ms
    Error: element(s) not found

    Call log:
    [2m  - Expect "toBeVisible" with timeout 10000ms[22m
    [2m  - waiting for getByText('Banking')[22m


       at pages/FoldersPage.ts:93

      91 |   async verifyFolderListDisplayed() {
      92 |     for (const folder of this.folders.slice(0, 3)) {
    > 93 |       await expect(this.page.getByText(folder.name)).toBeVisible();
         |                                                      ^
      94 |     }
      95 |   }
      96 |
        at FoldersPage.verifyFolderListDisplayed (/Users/hdv_1987/Desktop/Прроекты/Mail Agent/frontend/tests/e2e/pages/FoldersPage.ts:93:54)
        at /Users/hdv_1987/Desktop/Прроекты/Mail Agent/frontend/tests/e2e/folders.spec.ts:199:5

    attachment #1: screenshot (image/png) ──────────────────────────────────────────────────────────
    test-results/folders-Folder-Management--78049-folder-order-can-be-changed-chromium/test-failed-1.png
    ────────────────────────────────────────────────────────────────────────────────────────────────

    attachment #2: video (video/webm) ──────────────────────────────────────────────────────────────
    test-results/folders-Folder-Management--78049-folder-order-can-be-changed-chromium/video.webm
    ────────────────────────────────────────────────────────────────────────────────────────────────

    Error Context: test-results/folders-Folder-Management--78049-folder-order-can-be-changed-chromium/error-context.md

  35) [chromium] › tests/e2e/notifications.spec.ts:35:7 › Notification Preferences E2E Tests › notification preferences page loads correctly 

    Error: [2mexpect([22m[31mlocator[39m[2m).[22mtoBeVisible[2m([22m[2m)[22m failed

    Locator: getByLabel(/quiet hours/i)
    Expected: visible
    Error: strict mode violation: getByLabel(/quiet hours/i) resolved to 3 elements:
        1) <button value="on" type="button" role="switch" data-slot="switch" aria-checked="true" data-state="checked" id="quiet_hours_enabled" class="peer data-[state=checked]:bg-primary data-[state=unchecked]:bg-input focus-visible:border-ring focus-visible:ring-ring/50 dark:data-[state=unchecked]:bg-input/80 inline-flex h-[1.15rem] w-8 shrink-0 items-center rounded-full border border-transparent shadow-xs transition-all outline-none focus-visible:ring-[3px] disabled:cursor-not-allowed disabled:opacity-50">…</button> aka getByRole('switch', { name: 'Enable quiet hours' })
        2) <input type="time" data-slot="input" id="quiet_hours_start" name="quiet_hours_start" class="file:text-foreground placeholder:text-muted-foreground selection:bg-primary selection:text-primary-foreground dark:bg-input/30 border-input h-9 min-w-0 rounded-md border bg-transparent px-3 py-1 text-base shadow-xs transition-[color,box-shadow] outline-none file:inline-flex file:h-7 file:border-0 file:bg-transparent file:text-sm file:font-medium disabled:pointer-events-none disabled:cursor-not-allowed disabled…/> aka getByRole('textbox', { name: 'Quiet hours start' })
        3) <input type="time" data-slot="input" id="quiet_hours_end" name="quiet_hours_end" class="file:text-foreground placeholder:text-muted-foreground selection:bg-primary selection:text-primary-foreground dark:bg-input/30 border-input h-9 min-w-0 rounded-md border bg-transparent px-3 py-1 text-base shadow-xs transition-[color,box-shadow] outline-none file:inline-flex file:h-7 file:border-0 file:bg-transparent file:text-sm file:font-medium disabled:pointer-events-none disabled:cursor-not-allowed disabled:opa…/> aka getByRole('textbox', { name: 'Quiet hours end' })

    Call log:
    [2m  - Expect "toBeVisible" with timeout 10000ms[22m
    [2m  - waiting for getByLabel(/quiet hours/i)[22m


      43 |     // Verify key elements are present
      44 |     await expect(page.getByLabel(/batch notifications/i)).toBeVisible();
    > 45 |     await expect(page.getByLabel(/quiet hours/i)).toBeVisible();
         |                                                   ^
      46 |     await expect(page.getByLabel(/priority.*immediate/i)).toBeVisible();
      47 |   });
      48 |
        at /Users/hdv_1987/Desktop/Прроекты/Mail Agent/frontend/tests/e2e/notifications.spec.ts:45:51

    attachment #1: screenshot (image/png) ──────────────────────────────────────────────────────────
    test-results/notifications-Notification-dfac1-rences-page-loads-correctly-chromium/test-failed-1.png
    ────────────────────────────────────────────────────────────────────────────────────────────────

    attachment #2: video (video/webm) ──────────────────────────────────────────────────────────────
    test-results/notifications-Notification-dfac1-rences-page-loads-correctly-chromium/video.webm
    ────────────────────────────────────────────────────────────────────────────────────────────────

    Error Context: test-results/notifications-Notification-dfac1-rences-page-loads-correctly-chromium/error-context.md

  36) [chromium] › tests/e2e/notifications.spec.ts:63:7 › Notification Preferences E2E Tests › set batch time when batch notifications enabled 

    Error: [2mexpect([22m[31mlocator[39m[2m).[22mtoBeVisible[2m([22m[2m)[22m failed

    Locator: locator('input[name="batch_time"]')
    Expected: visible
    Timeout: 10000ms
    Error: element(s) not found

    Call log:
    [2m  - Expect "toBeVisible" with timeout 10000ms[22m
    [2m  - waiting for locator('input[name="batch_time"]')[22m


       at pages/NotificationsPage.ts:83

      81 |   async setBatchTime(time: string) {
      82 |     const timeInput = this.page.locator('input[name="batch_time"]');
    > 83 |     await expect(timeInput).toBeVisible();
         |                             ^
      84 |     await timeInput.fill(time);
      85 |   }
      86 |
        at NotificationsPage.setBatchTime (/Users/hdv_1987/Desktop/Прроекты/Mail Agent/frontend/tests/e2e/pages/NotificationsPage.ts:83:29)
        at /Users/hdv_1987/Desktop/Прроекты/Mail Agent/frontend/tests/e2e/notifications.spec.ts:70:29

    attachment #1: screenshot (image/png) ──────────────────────────────────────────────────────────
    test-results/notifications-Notification-6050a-batch-notifications-enabled-chromium/test-failed-1.png
    ────────────────────────────────────────────────────────────────────────────────────────────────

    attachment #2: video (video/webm) ──────────────────────────────────────────────────────────────
    test-results/notifications-Notification-6050a-batch-notifications-enabled-chromium/video.webm
    ────────────────────────────────────────────────────────────────────────────────────────────────

    Error Context: test-results/notifications-Notification-6050a-batch-notifications-enabled-chromium/error-context.md

  37) [chromium] › tests/e2e/notifications.spec.ts:78:7 › Notification Preferences E2E Tests › toggle quiet hours on and off 

    Error: locator.check: Error: strict mode violation: getByLabel(/quiet hours/i) resolved to 3 elements:
        1) <button value="on" type="button" role="switch" data-slot="switch" aria-checked="true" data-state="checked" id="quiet_hours_enabled" class="peer data-[state=checked]:bg-primary data-[state=unchecked]:bg-input focus-visible:border-ring focus-visible:ring-ring/50 dark:data-[state=unchecked]:bg-input/80 inline-flex h-[1.15rem] w-8 shrink-0 items-center rounded-full border border-transparent shadow-xs transition-all outline-none focus-visible:ring-[3px] disabled:cursor-not-allowed disabled:opacity-50">…</button> aka getByRole('switch', { name: 'Enable quiet hours' })
        2) <input type="time" data-slot="input" id="quiet_hours_start" name="quiet_hours_start" class="file:text-foreground placeholder:text-muted-foreground selection:bg-primary selection:text-primary-foreground dark:bg-input/30 border-input h-9 min-w-0 rounded-md border bg-transparent px-3 py-1 text-base shadow-xs transition-[color,box-shadow] outline-none file:inline-flex file:h-7 file:border-0 file:bg-transparent file:text-sm file:font-medium disabled:pointer-events-none disabled:cursor-not-allowed disabled…/> aka getByRole('textbox', { name: 'Quiet hours start' })
        3) <input type="time" data-slot="input" id="quiet_hours_end" name="quiet_hours_end" class="file:text-foreground placeholder:text-muted-foreground selection:bg-primary selection:text-primary-foreground dark:bg-input/30 border-input h-9 min-w-0 rounded-md border bg-transparent px-3 py-1 text-base shadow-xs transition-[color,box-shadow] outline-none file:inline-flex file:h-7 file:border-0 file:bg-transparent file:text-sm file:font-medium disabled:pointer-events-none disabled:cursor-not-allowed disabled:opa…/> aka getByRole('textbox', { name: 'Quiet hours end' })

    Call log:
    [2m  - waiting for getByLabel(/quiet hours/i)[22m


      82 |
      83 |     // Turn on quiet hours
    > 84 |     await quietHoursToggle.check();
         |                            ^
      85 |     await expect(quietHoursToggle).toBeChecked();
      86 |
      87 |     // Turn off quiet hours
        at /Users/hdv_1987/Desktop/Прроекты/Mail Agent/frontend/tests/e2e/notifications.spec.ts:84:28

    attachment #1: screenshot (image/png) ──────────────────────────────────────────────────────────
    test-results/notifications-Notification-56647-ggle-quiet-hours-on-and-off-chromium/test-failed-1.png
    ────────────────────────────────────────────────────────────────────────────────────────────────

    attachment #2: video (video/webm) ──────────────────────────────────────────────────────────────
    test-results/notifications-Notification-56647-ggle-quiet-hours-on-and-off-chromium/video.webm
    ────────────────────────────────────────────────────────────────────────────────────────────────

    Error Context: test-results/notifications-Notification-56647-ggle-quiet-hours-on-and-off-chromium/error-context.md

  38) [chromium] › tests/e2e/notifications.spec.ts:92:7 › Notification Preferences E2E Tests › set quiet hours time range 

    Error: [2mexpect([22m[31mlocator[39m[2m).[22mtoBeVisible[2m([22m[2m)[22m failed

    Locator: getByLabel(/quiet hours/i)
    Expected: visible
    Error: strict mode violation: getByLabel(/quiet hours/i) resolved to 3 elements:
        1) <button value="on" type="button" role="switch" data-slot="switch" aria-checked="true" data-state="checked" id="quiet_hours_enabled" class="peer data-[state=checked]:bg-primary data-[state=unchecked]:bg-input focus-visible:border-ring focus-visible:ring-ring/50 dark:data-[state=unchecked]:bg-input/80 inline-flex h-[1.15rem] w-8 shrink-0 items-center rounded-full border border-transparent shadow-xs transition-all outline-none focus-visible:ring-[3px] disabled:cursor-not-allowed disabled:opacity-50">…</button> aka getByRole('switch', { name: 'Enable quiet hours' })
        2) <input type="time" data-slot="input" id="quiet_hours_start" name="quiet_hours_start" class="file:text-foreground placeholder:text-muted-foreground selection:bg-primary selection:text-primary-foreground dark:bg-input/30 border-input h-9 min-w-0 rounded-md border bg-transparent px-3 py-1 text-base shadow-xs transition-[color,box-shadow] outline-none file:inline-flex file:h-7 file:border-0 file:bg-transparent file:text-sm file:font-medium disabled:pointer-events-none disabled:cursor-not-allowed disabled…/> aka getByRole('textbox', { name: 'Quiet hours start' })
        3) <input type="time" data-slot="input" id="quiet_hours_end" name="quiet_hours_end" class="file:text-foreground placeholder:text-muted-foreground selection:bg-primary selection:text-primary-foreground dark:bg-input/30 border-input h-9 min-w-0 rounded-md border bg-transparent px-3 py-1 text-base shadow-xs transition-[color,box-shadow] outline-none file:inline-flex file:h-7 file:border-0 file:bg-transparent file:text-sm file:font-medium disabled:pointer-events-none disabled:cursor-not-allowed disabled:opa…/> aka getByRole('textbox', { name: 'Quiet hours end' })

    Call log:
    [2m  - Expect "toBeVisible" with timeout 10000ms[22m
    [2m  - waiting for getByLabel(/quiet hours/i)[22m


       at pages/NotificationsPage.ts:92

      90 |   async toggleQuietHours(enabled: boolean) {
      91 |     const quietHoursToggle = this.page.getByLabel(/quiet hours/i);
    > 92 |     await expect(quietHoursToggle).toBeVisible();
         |                                    ^
      93 |
      94 |     if (enabled) {
      95 |       await quietHoursToggle.check();
        at NotificationsPage.toggleQuietHours (/Users/hdv_1987/Desktop/Прроекты/Mail Agent/frontend/tests/e2e/pages/NotificationsPage.ts:92:36)
        at /Users/hdv_1987/Desktop/Прроекты/Mail Agent/frontend/tests/e2e/notifications.spec.ts:96:29

    attachment #1: screenshot (image/png) ──────────────────────────────────────────────────────────
    test-results/notifications-Notification-9bee7--set-quiet-hours-time-range-chromium/test-failed-1.png
    ────────────────────────────────────────────────────────────────────────────────────────────────

    attachment #2: video (video/webm) ──────────────────────────────────────────────────────────────
    test-results/notifications-Notification-9bee7--set-quiet-hours-time-range-chromium/video.webm
    ────────────────────────────────────────────────────────────────────────────────────────────────

    Error Context: test-results/notifications-Notification-9bee7--set-quiet-hours-time-range-chromium/error-context.md

  39) [chromium] › tests/e2e/notifications.spec.ts:112:7 › Notification Preferences E2E Tests › toggle priority immediate notifications 

    TimeoutError: locator.check: Timeout 30000ms exceeded.
    Call log:
    [2m  - waiting for getByLabel(/priority.*immediate/i)[22m


      116 |
      117 |     // Turn on priority immediate
    > 118 |     await priorityToggle.check();
          |                          ^
      119 |     await expect(priorityToggle).toBeChecked();
      120 |
      121 |     // Turn off priority immediate
        at /Users/hdv_1987/Desktop/Прроекты/Mail Agent/frontend/tests/e2e/notifications.spec.ts:118:26

    attachment #1: screenshot (image/png) ──────────────────────────────────────────────────────────
    test-results/notifications-Notification-8e04b-ity-immediate-notifications-chromium/test-failed-1.png
    ────────────────────────────────────────────────────────────────────────────────────────────────

    attachment #2: video (video/webm) ──────────────────────────────────────────────────────────────
    test-results/notifications-Notification-8e04b-ity-immediate-notifications-chromium/video.webm
    ────────────────────────────────────────────────────────────────────────────────────────────────

    Error Context: test-results/notifications-Notification-8e04b-ity-immediate-notifications-chromium/error-context.md

  40) [chromium] › tests/e2e/notifications.spec.ts:126:7 › Notification Preferences E2E Tests › test notification button sends notification 

    TimeoutError: locator.click: Timeout 30000ms exceeded.
    Call log:
    [2m  - waiting for getByRole('button', { name: /test notification/i })[22m
    [2m    - locator resolved to <button type="button" data-slot="button" class="inline-flex items-center justify-center gap-2 whitespace-nowrap rounded-md text-sm font-medium transition-all disabled:pointer-events-none disabled:opacity-50 [&_svg]:pointer-events-none [&_svg:not([class*='size-'])]:size-4 shrink-0 [&_svg]:shrink-0 outline-none focus-visible:border-ring focus-visible:ring-ring/50 focus-visible:ring-[3px] aria-invalid:ring-destructive/20 dark:aria-invalid:ring-destructive/40 aria-invalid:border-destructive bg-secondary t…>Send Test Notification</button>[22m
    [2m  - attempting click action[22m
    [2m    2 × waiting for element to be visible, enabled and stable[22m
    [2m      - element is visible, enabled and stable[22m
    [2m      - scrolling into view if needed[22m
    [2m      - done scrolling[22m
    [2m      - <nextjs-portal></nextjs-portal> from <script data-nextjs-dev-overlay="true">…</script> subtree intercepts pointer events[22m
    [2m    - retrying click action[22m
    [2m    - waiting 20ms[22m
    [2m    2 × waiting for element to be visible, enabled and stable[22m
    [2m      - element is visible, enabled and stable[22m
    [2m      - scrolling into view if needed[22m
    [2m      - done scrolling[22m
    [2m      - <nextjs-portal></nextjs-portal> from <script data-nextjs-dev-overlay="true">…</script> subtree intercepts pointer events[22m
    [2m    - retrying click action[22m
    [2m      - waiting 100ms[22m
    [2m    58 × waiting for element to be visible, enabled and stable[22m
    [2m       - element is visible, enabled and stable[22m
    [2m       - scrolling into view if needed[22m
    [2m       - done scrolling[22m
    [2m       - <nextjs-portal></nextjs-portal> from <script data-nextjs-dev-overlay="true">…</script> subtree intercepts pointer events[22m
    [2m     - retrying click action[22m
    [2m       - waiting 500ms[22m


       at pages/NotificationsPage.ts:135

      133 |     const testButton = this.page.getByRole('button', { name: /test notification/i });
      134 |     await expect(testButton).toBeVisible();
    > 135 |     await testButton.click();
          |                      ^
      136 |
      137 |     // Wait for success toast
      138 |     await expect(this.page.getByText(/test notification sent|sent successfully/i)).toBeVisible({
        at NotificationsPage.sendTestNotification (/Users/hdv_1987/Desktop/Прроекты/Mail Agent/frontend/tests/e2e/pages/NotificationsPage.ts:135:22)
        at /Users/hdv_1987/Desktop/Прроекты/Mail Agent/frontend/tests/e2e/notifications.spec.ts:130:5

    attachment #1: screenshot (image/png) ──────────────────────────────────────────────────────────
    test-results/notifications-Notification-46ecf-n-button-sends-notification-chromium/test-failed-1.png
    ────────────────────────────────────────────────────────────────────────────────────────────────

    attachment #2: video (video/webm) ──────────────────────────────────────────────────────────────
    test-results/notifications-Notification-46ecf-n-button-sends-notification-chromium/video.webm
    ────────────────────────────────────────────────────────────────────────────────────────────────

    Error Context: test-results/notifications-Notification-46ecf-n-button-sends-notification-chromium/error-context.md

  41) [chromium] › tests/e2e/notifications.spec.ts:138:7 › Notification Preferences E2E Tests › save notification preferences successfully 

    Error: [2mexpect([22m[31mlocator[39m[2m).[22mtoBeVisible[2m([22m[2m)[22m failed

    Locator: locator('input[name="batch_time"]')
    Expected: visible
    Timeout: 10000ms
    Error: element(s) not found

    Call log:
    [2m  - Expect "toBeVisible" with timeout 10000ms[22m
    [2m  - waiting for locator('input[name="batch_time"]')[22m


       at pages/NotificationsPage.ts:83

      81 |   async setBatchTime(time: string) {
      82 |     const timeInput = this.page.locator('input[name="batch_time"]');
    > 83 |     await expect(timeInput).toBeVisible();
         |                             ^
      84 |     await timeInput.fill(time);
      85 |   }
      86 |
        at NotificationsPage.setBatchTime (/Users/hdv_1987/Desktop/Прроекты/Mail Agent/frontend/tests/e2e/pages/NotificationsPage.ts:83:29)
        at /Users/hdv_1987/Desktop/Прроекты/Mail Agent/frontend/tests/e2e/notifications.spec.ts:143:29

    attachment #1: screenshot (image/png) ──────────────────────────────────────────────────────────
    test-results/notifications-Notification-e8313-on-preferences-successfully-chromium/test-failed-1.png
    ────────────────────────────────────────────────────────────────────────────────────────────────

    attachment #2: video (video/webm) ──────────────────────────────────────────────────────────────
    test-results/notifications-Notification-e8313-on-preferences-successfully-chromium/video.webm
    ────────────────────────────────────────────────────────────────────────────────────────────────

    Error Context: test-results/notifications-Notification-e8313-on-preferences-successfully-chromium/error-context.md

  42) [chromium] › tests/e2e/notifications.spec.ts:157:7 › Notification Preferences E2E Tests › notification preferences persist after page refresh 

    Error: [2mexpect([22m[31mlocator[39m[2m).[22mtoBeVisible[2m([22m[2m)[22m failed

    Locator: locator('input[name="batch_time"]')
    Expected: visible
    Timeout: 10000ms
    Error: element(s) not found

    Call log:
    [2m  - Expect "toBeVisible" with timeout 10000ms[22m
    [2m  - waiting for locator('input[name="batch_time"]')[22m


       at pages/NotificationsPage.ts:83

      81 |   async setBatchTime(time: string) {
      82 |     const timeInput = this.page.locator('input[name="batch_time"]');
    > 83 |     await expect(timeInput).toBeVisible();
         |                             ^
      84 |     await timeInput.fill(time);
      85 |   }
      86 |
        at NotificationsPage.setBatchTime (/Users/hdv_1987/Desktop/Прроекты/Mail Agent/frontend/tests/e2e/pages/NotificationsPage.ts:83:29)
        at NotificationsPage.updateAllPreferences (/Users/hdv_1987/Desktop/Прроекты/Mail Agent/frontend/tests/e2e/pages/NotificationsPage.ts:171:18)
        at /Users/hdv_1987/Desktop/Прроекты/Mail Agent/frontend/tests/e2e/notifications.spec.ts:161:5

    attachment #1: screenshot (image/png) ──────────────────────────────────────────────────────────
    test-results/notifications-Notification-18dd5--persist-after-page-refresh-chromium/test-failed-1.png
    ────────────────────────────────────────────────────────────────────────────────────────────────

    attachment #2: video (video/webm) ──────────────────────────────────────────────────────────────
    test-results/notifications-Notification-18dd5--persist-after-page-refresh-chromium/video.webm
    ────────────────────────────────────────────────────────────────────────────────────────────────

    Error Context: test-results/notifications-Notification-18dd5--persist-after-page-refresh-chromium/error-context.md

  43) [chromium] › tests/e2e/notifications.spec.ts:198:7 › Notification Preferences E2E Tests › quiet hours time fields disabled when quiet hours off 

    Error: [2mexpect([22m[31mlocator[39m[2m).[22mtoBeVisible[2m([22m[2m)[22m failed

    Locator: getByLabel(/quiet hours/i)
    Expected: visible
    Error: strict mode violation: getByLabel(/quiet hours/i) resolved to 3 elements:
        1) <button value="on" type="button" role="switch" data-slot="switch" aria-checked="true" data-state="checked" id="quiet_hours_enabled" class="peer data-[state=checked]:bg-primary data-[state=unchecked]:bg-input focus-visible:border-ring focus-visible:ring-ring/50 dark:data-[state=unchecked]:bg-input/80 inline-flex h-[1.15rem] w-8 shrink-0 items-center rounded-full border border-transparent shadow-xs transition-all outline-none focus-visible:ring-[3px] disabled:cursor-not-allowed disabled:opacity-50">…</button> aka getByRole('switch', { name: 'Enable quiet hours' })
        2) <input type="time" data-slot="input" id="quiet_hours_start" name="quiet_hours_start" class="file:text-foreground placeholder:text-muted-foreground selection:bg-primary selection:text-primary-foreground dark:bg-input/30 border-input h-9 min-w-0 rounded-md border bg-transparent px-3 py-1 text-base shadow-xs transition-[color,box-shadow] outline-none file:inline-flex file:h-7 file:border-0 file:bg-transparent file:text-sm file:font-medium disabled:pointer-events-none disabled:cursor-not-allowed disabled…/> aka getByRole('textbox', { name: 'Quiet hours start' })
        3) <input type="time" data-slot="input" id="quiet_hours_end" name="quiet_hours_end" class="file:text-foreground placeholder:text-muted-foreground selection:bg-primary selection:text-primary-foreground dark:bg-input/30 border-input h-9 min-w-0 rounded-md border bg-transparent px-3 py-1 text-base shadow-xs transition-[color,box-shadow] outline-none file:inline-flex file:h-7 file:border-0 file:bg-transparent file:text-sm file:font-medium disabled:pointer-events-none disabled:cursor-not-allowed disabled:opa…/> aka getByRole('textbox', { name: 'Quiet hours end' })

    Call log:
    [2m  - Expect "toBeVisible" with timeout 10000ms[22m
    [2m  - waiting for getByLabel(/quiet hours/i)[22m


       at pages/NotificationsPage.ts:92

      90 |   async toggleQuietHours(enabled: boolean) {
      91 |     const quietHoursToggle = this.page.getByLabel(/quiet hours/i);
    > 92 |     await expect(quietHoursToggle).toBeVisible();
         |                                    ^
      93 |
      94 |     if (enabled) {
      95 |       await quietHoursToggle.check();
        at NotificationsPage.toggleQuietHours (/Users/hdv_1987/Desktop/Прроекты/Mail Agent/frontend/tests/e2e/pages/NotificationsPage.ts:92:36)
        at /Users/hdv_1987/Desktop/Прроекты/Mail Agent/frontend/tests/e2e/notifications.spec.ts:202:29

    attachment #1: screenshot (image/png) ──────────────────────────────────────────────────────────
    test-results/notifications-Notification-9ec4c-sabled-when-quiet-hours-off-chromium/test-failed-1.png
    ────────────────────────────────────────────────────────────────────────────────────────────────

    attachment #2: video (video/webm) ──────────────────────────────────────────────────────────────
    test-results/notifications-Notification-9ec4c-sabled-when-quiet-hours-off-chromium/video.webm
    ────────────────────────────────────────────────────────────────────────────────────────────────

    Error Context: test-results/notifications-Notification-9ec4c-sabled-when-quiet-hours-off-chromium/error-context.md

  44) [chromium] › tests/e2e/notifications.spec.ts:217:7 › Notification Preferences E2E Tests › notification preferences show helpful descriptions 

    Error: [2mexpect([22m[31mlocator[39m[2m).[22mtoBeVisible[2m([22m[2m)[22m failed

    Locator: getByText(/batch.*notification.*collect|group.*notification/i)
    Expected: visible
    Error: strict mode violation: getByText(/batch.*notification.*collect|group.*notification/i) resolved to 2 elements:
        1) <div data-slot="card-description" class="text-muted-foreground text-sm">Group email notifications and send once per day</div> aka locator('div').filter({ hasText: /^Group email notifications and send once per day$/ })
        2) <p class="text-sm text-muted-foreground">Group email notifications and send once per day</p> aka getByRole('paragraph').filter({ hasText: 'Group email notifications and' })

    Call log:
    [2m  - Expect "toBeVisible" with timeout 10000ms[22m
    [2m  - waiting for getByText(/batch.*notification.*collect|group.*notification/i)[22m


      221 |     await expect(
      222 |       page.getByText(/batch.*notification.*collect|group.*notification/i)
    > 223 |     ).toBeVisible();
          |       ^
      224 |
      225 |     await expect(
      226 |       page.getByText(/quiet hours.*silent|no notification.*during/i)
        at /Users/hdv_1987/Desktop/Прроекты/Mail Agent/frontend/tests/e2e/notifications.spec.ts:223:7

    attachment #1: screenshot (image/png) ──────────────────────────────────────────────────────────
    test-results/notifications-Notification-8c544-s-show-helpful-descriptions-chromium/test-failed-1.png
    ────────────────────────────────────────────────────────────────────────────────────────────────

    attachment #2: video (video/webm) ──────────────────────────────────────────────────────────────
    test-results/notifications-Notification-8c544-s-show-helpful-descriptions-chromium/video.webm
    ────────────────────────────────────────────────────────────────────────────────────────────────

    Error Context: test-results/notifications-Notification-8c544-s-show-helpful-descriptions-chromium/error-context.md

  45) [chromium] › tests/e2e/notifications.spec.ts:234:7 › Notification Preferences E2E Tests › notification preferences validate time format 

    TimeoutError: locator.fill: Timeout 30000ms exceeded.
    Call log:
    [2m  - waiting for locator('input[name="batch_time"]')[22m


      240 |     // Try to enter invalid time
      241 |     const timeInput = page.locator('input[name="batch_time"]');
    > 242 |     await timeInput.fill('99:99');
          |                     ^
      243 |
      244 |     // Save preferences
      245 |     const saveButton = page.getByRole('button', { name: /save|update/i });
        at /Users/hdv_1987/Desktop/Прроекты/Mail Agent/frontend/tests/e2e/notifications.spec.ts:242:21

    attachment #1: screenshot (image/png) ──────────────────────────────────────────────────────────
    test-results/notifications-Notification-eb0d1-rences-validate-time-format-chromium/test-failed-1.png
    ────────────────────────────────────────────────────────────────────────────────────────────────

    attachment #2: video (video/webm) ──────────────────────────────────────────────────────────────
    test-results/notifications-Notification-eb0d1-rences-validate-time-format-chromium/video.webm
    ────────────────────────────────────────────────────────────────────────────────────────────────

    Error Context: test-results/notifications-Notification-eb0d1-rences-validate-time-format-chromium/error-context.md

  46) [chromium] › tests/e2e/onboarding.spec.ts:45:7 › Onboarding Flow E2E Tests › complete onboarding flow - full 4-step wizard 

    Error: [2mexpect([22m[31mlocator[39m[2m).[22mtoBeVisible[2m([22m[2m)[22m failed

    Locator: getByText(/onboarding|get started/i)
    Expected: visible
    Error: strict mode violation: getByText(/onboarding|get started/i) resolved to 2 elements:
        1) <button data-slot="button" class="inline-flex items-center justify-center gap-2 whitespace-nowrap text-sm font-medium transition-all disabled:pointer-events-none disabled:opacity-50 [&_svg]:pointer-events-none [&_svg:not([class*='size-'])]:size-4 shrink-0 [&_svg]:shrink-0 outline-none focus-visible:border-ring focus-visible:ring-ring/50 focus-visible:ring-[3px] aria-invalid:ring-destructive/20 dark:aria-invalid:ring-destructive/40 aria-invalid:border-destructive bg-primary text-primary-foreground hove…>Get Started</button> aka getByRole('button', { name: 'Get Started' })
        2) <button class="text-sm text-muted-foreground underline-offset-4 hover:underline">Skip onboarding (for advanced users)</button> aka getByRole('button', { name: 'Skip onboarding (for advanced' })

    Call log:
    [2m  - Expect "toBeVisible" with timeout 10000ms[22m
    [2m  - waiting for getByText(/onboarding|get started/i)[22m


      51 |     // Verify we're on the onboarding page
      52 |     await expect(page).toHaveURL('/onboarding');
    > 53 |     await expect(page.getByText(/onboarding|get started/i)).toBeVisible();
         |                                                             ^
      54 |
      55 |     // Step 1.5: Complete Welcome step
      56 |     await onboardingPage.completeWelcomeStep();
        at /Users/hdv_1987/Desktop/Прроекты/Mail Agent/frontend/tests/e2e/onboarding.spec.ts:53:61

    attachment #1: screenshot (image/png) ──────────────────────────────────────────────────────────
    test-results/onboarding-Onboarding-Flow-efee3-g-flow---full-4-step-wizard-chromium/test-failed-1.png
    ────────────────────────────────────────────────────────────────────────────────────────────────

    attachment #2: video (video/webm) ──────────────────────────────────────────────────────────────
    test-results/onboarding-Onboarding-Flow-efee3-g-flow---full-4-step-wizard-chromium/video.webm
    ────────────────────────────────────────────────────────────────────────────────────────────────

    Error Context: test-results/onboarding-Onboarding-Flow-efee3-g-flow---full-4-step-wizard-chromium/error-context.md

  47) [chromium] › tests/e2e/onboarding.spec.ts:96:7 › Onboarding Flow E2E Tests › onboarding page loads correctly 

    Error: [2mexpect([22m[31mlocator[39m[2m).[22mtoBeVisible[2m([22m[2m)[22m failed

    Locator: getByRole('heading', { name: /onboarding|get started|welcome/i })
    Expected: visible
    Error: strict mode violation: getByRole('heading', { name: /onboarding|get started|welcome/i }) resolved to 2 elements:
        1) <h2 class="text-xl font-semibold text-foreground">Welcome</h2> aka getByRole('heading', { name: 'Welcome', exact: true })
        2) <h1 class="mb-2 text-3xl font-bold">Welcome to Mail Agent</h1> aka getByRole('heading', { name: 'Welcome to Mail Agent' })

    Call log:
    [2m  - Expect "toBeVisible" with timeout 10000ms[22m
    [2m  - waiting for getByRole('heading', { name: /onboarding|get started|welcome/i })[22m


       98 |
       99 |     // Verify page title or heading
    > 100 |     await expect(page.getByRole('heading', { name: /onboarding|get started|welcome/i })).toBeVisible();
          |                                                                                          ^
      101 |
      102 |     // Verify Welcome step is visible
      103 |     await expect(page.getByText(/Welcome to Mail Agent/i)).toBeVisible();
        at /Users/hdv_1987/Desktop/Прроекты/Mail Agent/frontend/tests/e2e/onboarding.spec.ts:100:90

    attachment #1: screenshot (image/png) ──────────────────────────────────────────────────────────
    test-results/onboarding-Onboarding-Flow-cb216-arding-page-loads-correctly-chromium/test-failed-1.png
    ────────────────────────────────────────────────────────────────────────────────────────────────

    attachment #2: video (video/webm) ──────────────────────────────────────────────────────────────
    test-results/onboarding-Onboarding-Flow-cb216-arding-page-loads-correctly-chromium/video.webm
    ────────────────────────────────────────────────────────────────────────────────────────────────

    Error Context: test-results/onboarding-Onboarding-Flow-cb216-arding-page-loads-correctly-chromium/error-context.md

  48) [chromium] › tests/e2e/onboarding.spec.ts:109:7 › Onboarding Flow E2E Tests › Gmail OAuth step completes successfully 

    Error: [2mexpect([22m[31mlocator[39m[2m).[22mtoBeVisible[2m([22m[2m)[22m failed

    Locator: getByRole('button', { name: /connect gmail/i })
    Expected: visible
    Timeout: 10000ms
    Error: element(s) not found

    Call log:
    [2m  - Expect "toBeVisible" with timeout 10000ms[22m
    [2m  - waiting for getByRole('button', { name: /connect gmail/i })[22m


       at pages/OnboardingPage.ts:38

      36 |
      37 |     // Wait for transition to Step 2 (Gmail) - verify Gmail connect button appears
    > 38 |     await expect(this.page.getByRole('button', { name: /connect gmail/i })).toBeVisible({ timeout: 10000 });
         |                                                                             ^
      39 |   }
      40 |
      41 |   /**
        at OnboardingPage.completeWelcomeStep (/Users/hdv_1987/Desktop/Прроекты/Mail Agent/frontend/tests/e2e/pages/OnboardingPage.ts:38:77)
        at /Users/hdv_1987/Desktop/Прроекты/Mail Agent/frontend/tests/e2e/onboarding.spec.ts:111:5

    attachment #1: screenshot (image/png) ──────────────────────────────────────────────────────────
    test-results/onboarding-Onboarding-Flow-c9fbb-step-completes-successfully-chromium/test-failed-1.png
    ────────────────────────────────────────────────────────────────────────────────────────────────

    attachment #2: video (video/webm) ──────────────────────────────────────────────────────────────
    test-results/onboarding-Onboarding-Flow-c9fbb-step-completes-successfully-chromium/video.webm
    ────────────────────────────────────────────────────────────────────────────────────────────────

    Error Context: test-results/onboarding-Onboarding-Flow-c9fbb-step-completes-successfully-chromium/error-context.md

  49) [chromium] › tests/e2e/onboarding.spec.ts:125:7 › Onboarding Flow E2E Tests › Telegram linking step completes successfully 

    Error: [2mexpect([22m[31mlocator[39m[2m).[22mtoBeVisible[2m([22m[2m)[22m failed

    Locator: getByRole('button', { name: /connect gmail/i })
    Expected: visible
    Timeout: 10000ms
    Error: element(s) not found

    Call log:
    [2m  - Expect "toBeVisible" with timeout 10000ms[22m
    [2m  - waiting for getByRole('button', { name: /connect gmail/i })[22m


       at pages/OnboardingPage.ts:38

      36 |
      37 |     // Wait for transition to Step 2 (Gmail) - verify Gmail connect button appears
    > 38 |     await expect(this.page.getByRole('button', { name: /connect gmail/i })).toBeVisible({ timeout: 10000 });
         |                                                                             ^
      39 |   }
      40 |
      41 |   /**
        at OnboardingPage.completeWelcomeStep (/Users/hdv_1987/Desktop/Прроекты/Mail Agent/frontend/tests/e2e/pages/OnboardingPage.ts:38:77)
        at /Users/hdv_1987/Desktop/Прроекты/Mail Agent/frontend/tests/e2e/onboarding.spec.ts:127:5

    attachment #1: screenshot (image/png) ──────────────────────────────────────────────────────────
    test-results/onboarding-Onboarding-Flow-34ef2-step-completes-successfully-chromium/test-failed-1.png
    ────────────────────────────────────────────────────────────────────────────────────────────────

    attachment #2: video (video/webm) ──────────────────────────────────────────────────────────────
    test-results/onboarding-Onboarding-Flow-34ef2-step-completes-successfully-chromium/video.webm
    ────────────────────────────────────────────────────────────────────────────────────────────────

    Error Context: test-results/onboarding-Onboarding-Flow-34ef2-step-completes-successfully-chromium/error-context.md

  50) [chromium] › tests/e2e/onboarding.spec.ts:144:7 › Onboarding Flow E2E Tests › folder creation step works correctly 

    Error: [2mexpect([22m[31mlocator[39m[2m).[22mtoBeVisible[2m([22m[2m)[22m failed

    Locator: getByRole('button', { name: /connect gmail/i })
    Expected: visible
    Timeout: 10000ms
    Error: element(s) not found

    Call log:
    [2m  - Expect "toBeVisible" with timeout 10000ms[22m
    [2m  - waiting for getByRole('button', { name: /connect gmail/i })[22m


       at pages/OnboardingPage.ts:38

      36 |
      37 |     // Wait for transition to Step 2 (Gmail) - verify Gmail connect button appears
    > 38 |     await expect(this.page.getByRole('button', { name: /connect gmail/i })).toBeVisible({ timeout: 10000 });
         |                                                                             ^
      39 |   }
      40 |
      41 |   /**
        at OnboardingPage.completeWelcomeStep (/Users/hdv_1987/Desktop/Прроекты/Mail Agent/frontend/tests/e2e/pages/OnboardingPage.ts:38:77)
        at /Users/hdv_1987/Desktop/Прроекты/Mail Agent/frontend/tests/e2e/onboarding.spec.ts:146:5

    attachment #1: screenshot (image/png) ──────────────────────────────────────────────────────────
    test-results/onboarding-Onboarding-Flow-1feb7-eation-step-works-correctly-chromium/test-failed-1.png
    ────────────────────────────────────────────────────────────────────────────────────────────────

    attachment #2: video (video/webm) ──────────────────────────────────────────────────────────────
    test-results/onboarding-Onboarding-Flow-1feb7-eation-step-works-correctly-chromium/video.webm
    ────────────────────────────────────────────────────────────────────────────────────────────────

    Error Context: test-results/onboarding-Onboarding-Flow-1feb7-eation-step-works-correctly-chromium/error-context.md

  51) [chromium] › tests/e2e/onboarding.spec.ts:164:7 › Onboarding Flow E2E Tests › notification preferences step works correctly 

    Error: [2mexpect([22m[31mlocator[39m[2m).[22mtoBeVisible[2m([22m[2m)[22m failed

    Locator: getByRole('button', { name: /connect gmail/i })
    Expected: visible
    Timeout: 10000ms
    Error: element(s) not found

    Call log:
    [2m  - Expect "toBeVisible" with timeout 10000ms[22m
    [2m  - waiting for getByRole('button', { name: /connect gmail/i })[22m


       at pages/OnboardingPage.ts:38

      36 |
      37 |     // Wait for transition to Step 2 (Gmail) - verify Gmail connect button appears
    > 38 |     await expect(this.page.getByRole('button', { name: /connect gmail/i })).toBeVisible({ timeout: 10000 });
         |                                                                             ^
      39 |   }
      40 |
      41 |   /**
        at OnboardingPage.completeWelcomeStep (/Users/hdv_1987/Desktop/Прроекты/Mail Agent/frontend/tests/e2e/pages/OnboardingPage.ts:38:77)
        at /Users/hdv_1987/Desktop/Прроекты/Mail Agent/frontend/tests/e2e/onboarding.spec.ts:166:5

    attachment #1: screenshot (image/png) ──────────────────────────────────────────────────────────
    test-results/onboarding-Onboarding-Flow-06777-rences-step-works-correctly-chromium/test-failed-1.png
    ────────────────────────────────────────────────────────────────────────────────────────────────

    attachment #2: video (video/webm) ──────────────────────────────────────────────────────────────
    test-results/onboarding-Onboarding-Flow-06777-rences-step-works-correctly-chromium/video.webm
    ────────────────────────────────────────────────────────────────────────────────────────────────

    Error Context: test-results/onboarding-Onboarding-Flow-06777-rences-step-works-correctly-chromium/error-context.md

  52) [chromium] › tests/e2e/onboarding.spec.ts:190:7 › Onboarding Flow E2E Tests › onboarding can be resumed from any step 

    Error: [2mexpect([22m[31mlocator[39m[2m).[22mtoBeVisible[2m([22m[2m)[22m failed

    Locator: getByRole('button', { name: /connect gmail/i })
    Expected: visible
    Timeout: 10000ms
    Error: element(s) not found

    Call log:
    [2m  - Expect "toBeVisible" with timeout 10000ms[22m
    [2m  - waiting for getByRole('button', { name: /connect gmail/i })[22m


       at pages/OnboardingPage.ts:38

      36 |
      37 |     // Wait for transition to Step 2 (Gmail) - verify Gmail connect button appears
    > 38 |     await expect(this.page.getByRole('button', { name: /connect gmail/i })).toBeVisible({ timeout: 10000 });
         |                                                                             ^
      39 |   }
      40 |
      41 |   /**
        at OnboardingPage.completeWelcomeStep (/Users/hdv_1987/Desktop/Прроекты/Mail Agent/frontend/tests/e2e/pages/OnboardingPage.ts:38:77)
        at /Users/hdv_1987/Desktop/Прроекты/Mail Agent/frontend/tests/e2e/onboarding.spec.ts:195:5

    attachment #1: screenshot (image/png) ──────────────────────────────────────────────────────────
    test-results/onboarding-Onboarding-Flow-f455b-an-be-resumed-from-any-step-chromium/test-failed-1.png
    ────────────────────────────────────────────────────────────────────────────────────────────────

    attachment #2: video (video/webm) ──────────────────────────────────────────────────────────────
    test-results/onboarding-Onboarding-Flow-f455b-an-be-resumed-from-any-step-chromium/video.webm
    ────────────────────────────────────────────────────────────────────────────────────────────────

    Error Context: test-results/onboarding-Onboarding-Flow-f455b-an-be-resumed-from-any-step-chromium/error-context.md

  53) [chromium] › tests/e2e/onboarding.spec.ts:213:7 › Onboarding Flow E2E Tests › onboarding validates required fields 

    Error: [2mexpect([22m[31mlocator[39m[2m).[22mtoBeVisible[2m([22m[2m)[22m failed

    Locator: getByRole('button', { name: /connect gmail/i })
    Expected: visible
    Timeout: 10000ms
    Error: element(s) not found

    Call log:
    [2m  - Expect "toBeVisible" with timeout 10000ms[22m
    [2m  - waiting for getByRole('button', { name: /connect gmail/i })[22m


       at pages/OnboardingPage.ts:38

      36 |
      37 |     // Wait for transition to Step 2 (Gmail) - verify Gmail connect button appears
    > 38 |     await expect(this.page.getByRole('button', { name: /connect gmail/i })).toBeVisible({ timeout: 10000 });
         |                                                                             ^
      39 |   }
      40 |
      41 |   /**
        at OnboardingPage.completeWelcomeStep (/Users/hdv_1987/Desktop/Прроекты/Mail Agent/frontend/tests/e2e/pages/OnboardingPage.ts:38:77)
        at /Users/hdv_1987/Desktop/Прроекты/Mail Agent/frontend/tests/e2e/onboarding.spec.ts:215:5

    attachment #1: screenshot (image/png) ──────────────────────────────────────────────────────────
    test-results/onboarding-Onboarding-Flow-96c1a-g-validates-required-fields-chromium/test-failed-1.png
    ────────────────────────────────────────────────────────────────────────────────────────────────

    attachment #2: video (video/webm) ──────────────────────────────────────────────────────────────
    test-results/onboarding-Onboarding-Flow-96c1a-g-validates-required-fields-chromium/video.webm
    ────────────────────────────────────────────────────────────────────────────────────────────────

    Error Context: test-results/onboarding-Onboarding-Flow-96c1a-g-validates-required-fields-chromium/error-context.md

  54) [chromium] › tests/e2e/onboarding.spec.ts:236:7 › Onboarding Flow E2E Tests › onboarding completion time is under 10 minutes (performance) 

    Error: [2mexpect([22m[31mlocator[39m[2m).[22mtoBeVisible[2m([22m[2m)[22m failed

    Locator: getByRole('button', { name: /connect gmail/i })
    Expected: visible
    Timeout: 10000ms
    Error: element(s) not found

    Call log:
    [2m  - Expect "toBeVisible" with timeout 10000ms[22m
    [2m  - waiting for getByRole('button', { name: /connect gmail/i })[22m


       at pages/OnboardingPage.ts:38

      36 |
      37 |     // Wait for transition to Step 2 (Gmail) - verify Gmail connect button appears
    > 38 |     await expect(this.page.getByRole('button', { name: /connect gmail/i })).toBeVisible({ timeout: 10000 });
         |                                                                             ^
      39 |   }
      40 |
      41 |   /**
        at OnboardingPage.completeWelcomeStep (/Users/hdv_1987/Desktop/Прроекты/Mail Agent/frontend/tests/e2e/pages/OnboardingPage.ts:38:77)
        at OnboardingPage.completeFullOnboarding (/Users/hdv_1987/Desktop/Прроекты/Mail Agent/frontend/tests/e2e/pages/OnboardingPage.ts:241:5)
        at /Users/hdv_1987/Desktop/Прроекты/Mail Agent/frontend/tests/e2e/onboarding.spec.ts:241:5

    attachment #1: screenshot (image/png) ──────────────────────────────────────────────────────────
    test-results/onboarding-Onboarding-Flow-5e4df-der-10-minutes-performance--chromium/test-failed-1.png
    ────────────────────────────────────────────────────────────────────────────────────────────────

    attachment #2: video (video/webm) ──────────────────────────────────────────────────────────────
    test-results/onboarding-Onboarding-Flow-5e4df-der-10-minutes-performance--chromium/video.webm
    ────────────────────────────────────────────────────────────────────────────────────────────────

    Error Context: test-results/onboarding-Onboarding-Flow-5e4df-der-10-minutes-performance--chromium/error-context.md

  55) [chromium] › tests/e2e/onboarding.spec.ts:254:7 › Onboarding Flow E2E Tests › onboarding wizard displays progress indicators 

    Error: [2mexpect([22m[31mlocator[39m[2m).[22mtoBeVisible[2m([22m[2m)[22m failed

    Locator: getByRole('button', { name: /connect gmail/i })
    Expected: visible
    Timeout: 10000ms
    Error: element(s) not found

    Call log:
    [2m  - Expect "toBeVisible" with timeout 10000ms[22m
    [2m  - waiting for getByRole('button', { name: /connect gmail/i })[22m


       at pages/OnboardingPage.ts:38

      36 |
      37 |     // Wait for transition to Step 2 (Gmail) - verify Gmail connect button appears
    > 38 |     await expect(this.page.getByRole('button', { name: /connect gmail/i })).toBeVisible({ timeout: 10000 });
         |                                                                             ^
      39 |   }
      40 |
      41 |   /**
        at OnboardingPage.completeWelcomeStep (/Users/hdv_1987/Desktop/Прроекты/Mail Agent/frontend/tests/e2e/pages/OnboardingPage.ts:38:77)
        at /Users/hdv_1987/Desktop/Прроекты/Mail Agent/frontend/tests/e2e/onboarding.spec.ts:261:5

    attachment #1: screenshot (image/png) ──────────────────────────────────────────────────────────
    test-results/onboarding-Onboarding-Flow-c4acc-isplays-progress-indicators-chromium/test-failed-1.png
    ────────────────────────────────────────────────────────────────────────────────────────────────

    attachment #2: video (video/webm) ──────────────────────────────────────────────────────────────
    test-results/onboarding-Onboarding-Flow-c4acc-isplays-progress-indicators-chromium/video.webm
    ────────────────────────────────────────────────────────────────────────────────────────────────

    Error Context: test-results/onboarding-Onboarding-Flow-c4acc-isplays-progress-indicators-chromium/error-context.md

  56) [chromium] › tests/e2e/onboarding.spec.ts:269:7 › Onboarding Flow E2E Tests › onboarding wizard allows going back to previous steps 

    Error: [2mexpect([22m[31mlocator[39m[2m).[22mtoBeVisible[2m([22m[2m)[22m failed

    Locator: getByRole('button', { name: /connect gmail/i })
    Expected: visible
    Timeout: 10000ms
    Error: element(s) not found

    Call log:
    [2m  - Expect "toBeVisible" with timeout 10000ms[22m
    [2m  - waiting for getByRole('button', { name: /connect gmail/i })[22m


       at pages/OnboardingPage.ts:38

      36 |
      37 |     // Wait for transition to Step 2 (Gmail) - verify Gmail connect button appears
    > 38 |     await expect(this.page.getByRole('button', { name: /connect gmail/i })).toBeVisible({ timeout: 10000 });
         |                                                                             ^
      39 |   }
      40 |
      41 |   /**
        at OnboardingPage.completeWelcomeStep (/Users/hdv_1987/Desktop/Прроекты/Mail Agent/frontend/tests/e2e/pages/OnboardingPage.ts:38:77)
        at /Users/hdv_1987/Desktop/Прроекты/Mail Agent/frontend/tests/e2e/onboarding.spec.ts:271:5

    attachment #1: screenshot (image/png) ──────────────────────────────────────────────────────────
    test-results/onboarding-Onboarding-Flow-c9314-oing-back-to-previous-steps-chromium/test-failed-1.png
    ────────────────────────────────────────────────────────────────────────────────────────────────

    attachment #2: video (video/webm) ──────────────────────────────────────────────────────────────
    test-results/onboarding-Onboarding-Flow-c9314-oing-back-to-previous-steps-chromium/video.webm
    ────────────────────────────────────────────────────────────────────────────────────────────────

    Error Context: test-results/onboarding-Onboarding-Flow-c9314-oing-back-to-previous-steps-chromium/error-context.md

  57) [chromium] › tests/e2e/onboarding.spec.ts:290:7 › Onboarding Flow E2E Tests › onboarding displays helpful instructions at each step 

    Error: [2mexpect([22m[31mlocator[39m[2m).[22mtoBeVisible[2m([22m[2m)[22m failed

    Locator: getByText(/welcome to mail agent|get started/i)
    Expected: visible
    Error: strict mode violation: getByText(/welcome to mail agent|get started/i) resolved to 2 elements:
        1) <h1 class="mb-2 text-3xl font-bold">Welcome to Mail Agent</h1> aka getByRole('heading', { name: 'Welcome to Mail Agent' })
        2) <button data-slot="button" class="inline-flex items-center justify-center gap-2 whitespace-nowrap text-sm font-medium transition-all disabled:pointer-events-none disabled:opacity-50 [&_svg]:pointer-events-none [&_svg:not([class*='size-'])]:size-4 shrink-0 [&_svg]:shrink-0 outline-none focus-visible:border-ring focus-visible:ring-ring/50 focus-visible:ring-[3px] aria-invalid:ring-destructive/20 dark:aria-invalid:ring-destructive/40 aria-invalid:border-destructive bg-primary text-primary-foreground hove…>Get Started</button> aka getByRole('button', { name: 'Get Started' })

    Call log:
    [2m  - Expect "toBeVisible" with timeout 10000ms[22m
    [2m  - waiting for getByText(/welcome to mail agent|get started/i)[22m


      294 |     await expect(
      295 |       page.getByText(/welcome to mail agent|get started/i)
    > 296 |     ).toBeVisible();
          |       ^
      297 |
      298 |     // Move to Gmail step
      299 |     await onboardingPage.completeWelcomeStep();
        at /Users/hdv_1987/Desktop/Прроекты/Mail Agent/frontend/tests/e2e/onboarding.spec.ts:296:7

    attachment #1: screenshot (image/png) ──────────────────────────────────────────────────────────
    test-results/onboarding-Onboarding-Flow-79561-l-instructions-at-each-step-chromium/test-failed-1.png
    ────────────────────────────────────────────────────────────────────────────────────────────────

    attachment #2: video (video/webm) ──────────────────────────────────────────────────────────────
    test-results/onboarding-Onboarding-Flow-79561-l-instructions-at-each-step-chromium/video.webm
    ────────────────────────────────────────────────────────────────────────────────────────────────

    Error Context: test-results/onboarding-Onboarding-Flow-79561-l-instructions-at-each-step-chromium/error-context.md

  57 failed
    [chromium] › tests/e2e/dashboard.spec.ts:34:7 › Dashboard Page E2E Tests › dashboard page loads and displays all data 
    [chromium] › tests/e2e/dashboard.spec.ts:45:7 › Dashboard Page E2E Tests › connection status cards display correctly 
    [chromium] › tests/e2e/dashboard.spec.ts:60:7 › Dashboard Page E2E Tests › email statistics display correctly 
    [chromium] › tests/e2e/dashboard.spec.ts:73:7 › Dashboard Page E2E Tests › recent activity feed displays items 
    [chromium] › tests/e2e/dashboard.spec.ts:87:7 › Dashboard Page E2E Tests › time saved widget displays correctly 
    [chromium] › tests/e2e/dashboard.spec.ts:97:7 › Dashboard Page E2E Tests › dashboard auto-refreshes data (SWR polling) 
    [chromium] › tests/e2e/dashboard.spec.ts:114:7 › Dashboard Page E2E Tests › dashboard displays loading states initially 
    [chromium] › tests/e2e/dashboard.spec.ts:132:7 › Dashboard Page E2E Tests › dashboard handles API errors gracefully 
    [chromium] › tests/e2e/dashboard.spec.ts:182:7 › Dashboard Page E2E Tests › dashboard responsive on mobile viewport 
    [chromium] › tests/e2e/dashboard.spec.ts:231:7 › Dashboard Page E2E Tests › dashboard shows empty state when no emails processed 
    [chromium] › tests/e2e/errors.spec.ts:33:7 › Error Scenario E2E Tests › API failure shows error message and retry button 
    [chromium] › tests/e2e/errors.spec.ts:58:7 › Error Scenario E2E Tests › retry button recovers from API failure 
    [chromium] › tests/e2e/errors.spec.ts:93:7 › Error Scenario E2E Tests › network offline shows offline banner 
    [chromium] › tests/e2e/errors.spec.ts:111:7 › Error Scenario E2E Tests › network recovery restores functionality 
    [chromium] › tests/e2e/errors.spec.ts:136:7 › Error Scenario E2E Tests › API timeout shows timeout error message 
    [chromium] › tests/e2e/errors.spec.ts:154:7 › Error Scenario E2E Tests › 404 error shows appropriate message 
    [chromium] › tests/e2e/errors.spec.ts:168:7 › Error Scenario E2E Tests › unauthorized access redirects to login 
    [chromium] › tests/e2e/errors.spec.ts:181:7 › Error Scenario E2E Tests › folder creation with duplicate name shows error 
    [chromium] › tests/e2e/errors.spec.ts:238:7 › Error Scenario E2E Tests › session expiration redirects to login with message 
    [chromium] › tests/e2e/errors.spec.ts:264:7 › Error Scenario E2E Tests › rate limiting shows appropriate error message 
    [chromium] › tests/e2e/errors.spec.ts:290:7 › Error Scenario E2E Tests › malformed API response shows generic error 
    [chromium] › tests/e2e/errors.spec.ts:310:7 › Error Scenario E2E Tests › empty required field shows validation error 
    [chromium] › tests/e2e/errors.spec.ts:327:7 › Error Scenario E2E Tests › error messages are user-friendly and actionable 
    [chromium] › tests/e2e/errors.spec.ts:354:7 › Error Scenario E2E Tests › loading spinner shows during async operations 
    [chromium] › tests/e2e/errors.spec.ts:376:7 › Error Scenario E2E Tests › concurrent API failures dont break UI 
    [chromium] › tests/e2e/folders.spec.ts:34:7 › Folder Management E2E Tests › folders page loads and displays folder list 
    [chromium] › tests/e2e/folders.spec.ts:44:7 › Folder Management E2E Tests › create new folder successfully 
    [chromium] › tests/e2e/folders.spec.ts:59:7 › Folder Management E2E Tests › edit existing folder successfully 
    [chromium] › tests/e2e/folders.spec.ts:75:7 › Folder Management E2E Tests › delete folder with confirmation 
    [chromium] › tests/e2e/folders.spec.ts:116:7 › Folder Management E2E Tests › folder form validation works 
    [chromium] › tests/e2e/folders.spec.ts:141:7 › Folder Management E2E Tests › folder list shows color indicators 
    [chromium] › tests/e2e/folders.spec.ts:153:7 › Folder Management E2E Tests › folder keywords are displayed 
    [chromium] › tests/e2e/folders.spec.ts:161:7 › Folder Management E2E Tests › folders persist after page refresh 
    [chromium] › tests/e2e/folders.spec.ts:196:7 › Folder Management E2E Tests › folder order can be changed 
    [chromium] › tests/e2e/notifications.spec.ts:35:7 › Notification Preferences E2E Tests › notification preferences page loads correctly 
    [chromium] › tests/e2e/notifications.spec.ts:63:7 › Notification Preferences E2E Tests › set batch time when batch notifications enabled 
    [chromium] › tests/e2e/notifications.spec.ts:78:7 › Notification Preferences E2E Tests › toggle quiet hours on and off 
    [chromium] › tests/e2e/notifications.spec.ts:92:7 › Notification Preferences E2E Tests › set quiet hours time range 
    [chromium] › tests/e2e/notifications.spec.ts:112:7 › Notification Preferences E2E Tests › toggle priority immediate notifications 
    [chromium] › tests/e2e/notifications.spec.ts:126:7 › Notification Preferences E2E Tests › test notification button sends notification 
    [chromium] › tests/e2e/notifications.spec.ts:138:7 › Notification Preferences E2E Tests › save notification preferences successfully 
    [chromium] › tests/e2e/notifications.spec.ts:157:7 › Notification Preferences E2E Tests › notification preferences persist after page refresh 
    [chromium] › tests/e2e/notifications.spec.ts:198:7 › Notification Preferences E2E Tests › quiet hours time fields disabled when quiet hours off 
    [chromium] › tests/e2e/notifications.spec.ts:217:7 › Notification Preferences E2E Tests › notification preferences show helpful descriptions 
    [chromium] › tests/e2e/notifications.spec.ts:234:7 › Notification Preferences E2E Tests › notification preferences validate time format 
    [chromium] › tests/e2e/onboarding.spec.ts:45:7 › Onboarding Flow E2E Tests › complete onboarding flow - full 4-step wizard 
    [chromium] › tests/e2e/onboarding.spec.ts:96:7 › Onboarding Flow E2E Tests › onboarding page loads correctly 
    [chromium] › tests/e2e/onboarding.spec.ts:109:7 › Onboarding Flow E2E Tests › Gmail OAuth step completes successfully 
    [chromium] › tests/e2e/onboarding.spec.ts:125:7 › Onboarding Flow E2E Tests › Telegram linking step completes successfully 
    [chromium] › tests/e2e/onboarding.spec.ts:144:7 › Onboarding Flow E2E Tests › folder creation step works correctly 
    [chromium] › tests/e2e/onboarding.spec.ts:164:7 › Onboarding Flow E2E Tests › notification preferences step works correctly 
    [chromium] › tests/e2e/onboarding.spec.ts:190:7 › Onboarding Flow E2E Tests › onboarding can be resumed from any step 
    [chromium] › tests/e2e/onboarding.spec.ts:213:7 › Onboarding Flow E2E Tests › onboarding validates required fields 
    [chromium] › tests/e2e/onboarding.spec.ts:236:7 › Onboarding Flow E2E Tests › onboarding completion time is under 10 minutes (performance) 
    [chromium] › tests/e2e/onboarding.spec.ts:254:7 › Onboarding Flow E2E Tests › onboarding wizard displays progress indicators 
    [chromium] › tests/e2e/onboarding.spec.ts:269:7 › Onboarding Flow E2E Tests › onboarding wizard allows going back to previous steps 
    [chromium] › tests/e2e/onboarding.spec.ts:290:7 › Onboarding Flow E2E Tests › onboarding displays helpful instructions at each step 
  9 passed (3.5m)

[36m  Serving HTML report at http://localhost:9323. Press Ctrl+C to quit.[39m
